ESP-ROM:esp32s3-20210327
Build:Mar 27 2021
rst:0x1 (POWERON),boot:0x28 (SPI_FAST_FLASH_BOOT)
SPIWP:0xee
mode:DIO, clock div:1
load:0x3fce2820,len:0x116c
load:0x403c8700,len:0xc2c
load:0x403cb700,len:0x3108
entry 0x403c88b8

Running example "List-All-Files-SD":
trying to mount SD in onboard microSD card slot...successful
microSD Card Size: 15193MB

scanning files on SD card:
System Volume Information/
   WPSettings.dat   12
   IndexerVolumeGuid   76
Left-Right.mp3   200670
Audio1.mp3   6359038
Audio2.mp3   5540341
Audio3.mp3   5303909

all done