Executing task: C:\Users\tj\.platformio\penv\Scripts\platformio.exe run 

Processing release (platform: https://github.com/pioarduino/platform-espressif32/releases/download/stable/platform-espressif32.zip; framework: arduino; board: yb_esp32s3_dac)
---------------------------------------------------------------------------------------------------------------------------------------
Verbose mode can be enabled via `-v, --verbose` option
CONFIGURATION: https://docs.platformio.org/page/boards/espressif32/yb_esp32s3_dac.html
PLATFORM: Espressif 32 (55.3.34) > YelloByte YB-ESP32-S3-DAC
HARDWARE: ESP32S3 240MHz, 320KB RAM, 8MB Flash
DEBUG: Current (esp-builtin) On-board (esp-builtin) External (cmsis-dap, esp-bridge, esp-prog, iot-bus-jtag, jlink, minimodule, olimex-arm-usb-ocd, olimex-arm-usb-ocd-h, olimex-arm-usb-tiny-h, olimex-jtag-tiny, tumpa)
PACKAGES: 
 - contrib-piohome @ 3.4.4 
 - framework-arduinoespressif32 @ 3.3.4 
 - framework-arduinoespressif32-libs @ 5.5.0+sha.8410210c9a 
 - tool-esp-rom-elfs @ 2024.10.11 
 - tool-esptoolpy @ 5.1.0 
 - tool-mklittlefs @ 3.2.0 
 - toolchain-xtensa-esp-elf @ 14.2.0+20250730
*** Applied include path shortening for 330 framework paths ***
*** Path length reduced from 38037 to ~13707 characters ***
*** Estimated savings: 23760 characters ***
LDF: Library Dependency Finder -> https://bit.ly/configure-pio-ldf
LDF Modes: Finder ~ chain, Compatibility ~ soft
Found 42 compatible libraries
Scanning dependencies...
Dependency Graph
|-- SD_MMC @ 3.3.4
|-- FS @ 3.3.4
|-- SPI @ 3.3.4
Building in release mode
Compiling .pio\build\release\libf4f\FS\FS.cpp.o
Compiling .pio\build\release\libf4f\FS\vfs_api.cpp.o
Compiling .pio\build\release\lib34f\SD_MMC\SD_MMC.cpp.o
Compiling .pio\build\release\libc43\SPI\SPI.cpp.o
Compiling .pio\build\release\src\main.cpp.o
Building .pio\build\release\bootloader.bin
Generating partitions .pio\build\release\partitions.bin
Compiling .pio\build\release\FrameworkArduino\ColorFormat.c.o
Compiling .pio\build\release\FrameworkArduino\Esp.cpp.o
Compiling .pio\build\release\FrameworkArduino\FirmwareMSC.cpp.o
Compiling .pio\build\release\FrameworkArduino\FunctionalInterrupt.cpp.o
Compiling .pio\build\release\FrameworkArduino\HEXBuilder.cpp.o
Compiling .pio\build\release\FrameworkArduino\HWCDC.cpp.o
Compiling .pio\build\release\FrameworkArduino\HardwareSerial.cpp.o
Compiling .pio\build\release\FrameworkArduino\HashBuilder.cpp.o
Compiling .pio\build\release\FrameworkArduino\IPAddress.cpp.o
Compiling .pio\build\release\FrameworkArduino\MD5Builder.cpp.o
Compiling .pio\build\release\FrameworkArduino\MacAddress.cpp.o
Compiling .pio\build\release\FrameworkArduino\Print.cpp.o
Compiling .pio\build\release\FrameworkArduino\Stream.cpp.o
Compiling .pio\build\release\FrameworkArduino\StreamString.cpp.o
Compiling .pio\build\release\FrameworkArduino\Tone.cpp.o
Compiling .pio\build\release\FrameworkArduino\USB.cpp.o
esptool v5.1.0
Creating ESP32S3 image...
Merged 2 ELF sections.
Successfully created ESP32S3 image.
Compiling .pio\build\release\FrameworkArduino\USBCDC.cpp.o
Compiling .pio\build\release\FrameworkArduino\USBMSC.cpp.o
Compiling .pio\build\release\FrameworkArduino\WMath.cpp.o
Compiling .pio\build\release\FrameworkArduino\WString.cpp.o
Compiling .pio\build\release\FrameworkArduino\base64.cpp.o
Compiling .pio\build\release\FrameworkArduino\cbuf.cpp.o
Compiling .pio\build\release\FrameworkArduino\chip-debug-report.cpp.o
Compiling .pio\build\release\FrameworkArduino\esp32-hal-adc.c.o
Compiling .pio\build\release\FrameworkArduino\esp32-hal-bt.c.o
Compiling .pio\build\release\FrameworkArduino\esp32-hal-cpu.c.o
Compiling .pio\build\release\FrameworkArduino\esp32-hal-dac.c.o
Compiling .pio\build\release\FrameworkArduino\esp32-hal-gpio.c.o
Compiling .pio\build\release\FrameworkArduino\esp32-hal-hosted.c.o
Compiling .pio\build\release\FrameworkArduino\esp32-hal-i2c-ng.c.o
Compiling .pio\build\release\FrameworkArduino\esp32-hal-i2c-slave.c.o
Compiling .pio\build\release\FrameworkArduino\esp32-hal-i2c.c.o
Compiling .pio\build\release\FrameworkArduino\esp32-hal-ledc.c.o
Compiling .pio\build\release\FrameworkArduino\esp32-hal-matrix.c.o
Compiling .pio\build\release\FrameworkArduino\esp32-hal-misc.c.o
Compiling .pio\build\release\FrameworkArduino\esp32-hal-periman.c.o
Compiling .pio\build\release\FrameworkArduino\esp32-hal-psram.c.o
Compiling .pio\build\release\FrameworkArduino\esp32-hal-rgb-led.c.o
Compiling .pio\build\release\FrameworkArduino\esp32-hal-rmt.c.o
Compiling .pio\build\release\FrameworkArduino\esp32-hal-sigmadelta.c.o
Compiling .pio\build\release\FrameworkArduino\esp32-hal-spi.c.o
Compiling .pio\build\release\FrameworkArduino\esp32-hal-time.c.o
Compiling .pio\build\release\FrameworkArduino\esp32-hal-timer.c.o
Compiling .pio\build\release\FrameworkArduino\esp32-hal-tinyusb.c.o
Compiling .pio\build\release\FrameworkArduino\esp32-hal-touch-ng.c.o
Compiling .pio\build\release\FrameworkArduino\esp32-hal-touch.c.o
Compiling .pio\build\release\FrameworkArduino\esp32-hal-uart.c.o
Compiling .pio\build\release\FrameworkArduino\firmware_msc_fat.c.o
Compiling .pio\build\release\FrameworkArduino\freertos_stats.cpp.o
Compiling .pio\build\release\FrameworkArduino\libb64\cdecode.c.o
Compiling .pio\build\release\FrameworkArduino\libb64\cencode.c.o
Compiling .pio\build\release\FrameworkArduino\main.cpp.o
Compiling .pio\build\release\FrameworkArduino\stdlib_noniso.c.o
Compiling .pio\build\release\FrameworkArduino\wiring_pulse.c.o
Compiling .pio\build\release\FrameworkArduino\wiring_shift.c.o
Archiving .pio\build\release\libFrameworkArduino.a
Linking .pio\build\release\firmware.elf
Firmware metrics can not be shown. Set the terminal codepage to "utf-8" or "cp65001" on Windows.
Retrieving maximum program size .pio\build\release\firmware.elf
Checking size .pio\build\release\firmware.elf
Advanced Memory Usage is available via "PlatformIO Home > Project Inspect"
RAM:   [=         ]   6.4% (used 20908 bytes from 327680 bytes)
Flash: [=         ]  11.4% (used 382415 bytes from 3342336 bytes)
Building .pio\build\release\firmware.bin
esptool v5.1.0
Creating ESP32S3 image...
Merged 2 ELF sections.
Successfully created ESP32S3 image.
===================================================== [SUCCESS] Took 7.09 seconds =====================================================

Environment    Status    Duration
-------------  --------  ------------
release        SUCCESS   00:00:07.086
===================================================== 1 succeeded in 00:00:07.086 =====================================================