Executing task: C:\Users\tj\.platformio\penv\Scripts\platformio.exe run --environment debug 

Processing debug (platform: https://github.com/pioarduino/platform-espressif32/releases/download/stable/platform-espressif32.zip; framework: arduino; board: yb_esp32s3_dac)
-------------------------------------------------------------------------------------------------------------------------
Verbose mode can be enabled via `-v, --verbose` option
CONFIGURATION: https://docs.platformio.org/page/boards/espressif32/yb_esp32s3_dac.html
PLATFORM: Espressif 32 (55.3.37) > YelloByte YB-ESP32-S3-DAC
HARDWARE: ESP32S3 240MHz, 320KB RAM, 8MB Flash
DEBUG: Current (esp-builtin) On-board (esp-builtin) External (cmsis-dap, esp-bridge, esp-prog, iot-bus-jtag, jlink, minimodule, olimex-arm-usb-ocd, olimex-arm-usb-ocd-h, olimex-arm-usb-tiny-h, olimex-jtag-tiny, tumpa)
PACKAGES: 
 - contrib-piohome @ 3.4.4 
 - framework-arduinoespressif32 @ 3.3.7 
 - framework-arduinoespressif32-libs @ 5.5.0+sha.87912cd291 
 - tool-esp-rom-elfs @ 2024.10.11 
 - tool-esptoolpy @ 5.1.2 
 - tool-openocd-esp32 @ 2.1200.20251215 (12.0) 
 - tool-xtensa-esp-elf-gdb @ 16.3.0+20250913 
 - toolchain-xtensa-esp-elf @ 14.2.0+20251107
*** Applied include path shortening for 336 framework paths ***
*** Path length reduced from 38684 to ~13910 characters ***
*** Estimated savings: 24192 characters ***
LDF: Library Dependency Finder -> https://bit.ly/configure-pio-ldf
LDF Modes: Finder ~ chain, Compatibility ~ soft
Found 47 compatible libraries
Scanning dependencies...
Dependency Graph
|-- Adafruit BusIO @ 1.17.4
|-- Adafruit TLV320 I2S @ 1.0.0
|-- TLV320DAC3101 @ 1.0.0
Building in debug mode
Compiling .pio\build\debug\lib096\Wire\Wire.cpp.o
Compiling .pio\build\debug\libc43\SPI\SPI.cpp.o
Compiling .pio\build\debug\libfdb\Adafruit BusIO\Adafruit_BusIO_Register.cpp.o
Compiling .pio\build\debug\libfdb\Adafruit BusIO\Adafruit_GenericDevice.cpp.o
Compiling .pio\build\debug\libfdb\Adafruit BusIO\Adafruit_I2CDevice.cpp.o
Compiling .pio\build\debug\libfdb\Adafruit BusIO\Adafruit_SPIDevice.cpp.o
Compiling .pio\build\debug\lib035\Adafruit TLV320 I2S\Adafruit_TLV320DAC3100.cpp.o
Compiling .pio\build\debug\lib013\TLV320DAC3101\TLV320DAC3101.cpp.o
Compiling .pio\build\debug\src\main.cpp.o
Building .pio\build\debug\bootloader.bin
Generating partitions .pio\build\debug\partitions.bin
Compiling .pio\build\debug\FrameworkArduino\ColorFormat.c.o
Compiling .pio\build\debug\FrameworkArduino\Esp.cpp.o
Compiling .pio\build\debug\FrameworkArduino\FirmwareMSC.cpp.o
Compiling .pio\build\debug\FrameworkArduino\FunctionalInterrupt.cpp.o
esptool v5.1.2
Creating ESP32S3 image...
Merged 2 ELF sections.
Successfully created ESP32S3 image.
Compiling .pio\build\debug\FrameworkArduino\HEXBuilder.cpp.o
Compiling .pio\build\debug\FrameworkArduino\HWCDC.cpp.o
Compiling .pio\build\debug\FrameworkArduino\HardwareSerial.cpp.o
Compiling .pio\build\debug\FrameworkArduino\HashBuilder.cpp.o
Compiling .pio\build\debug\FrameworkArduino\IPAddress.cpp.o
Compiling .pio\build\debug\FrameworkArduino\MD5Builder.cpp.o
Compiling .pio\build\debug\FrameworkArduino\MacAddress.cpp.o
Compiling .pio\build\debug\FrameworkArduino\Print.cpp.o
Compiling .pio\build\debug\FrameworkArduino\Stream.cpp.o
Compiling .pio\build\debug\FrameworkArduino\StreamString.cpp.o
Compiling .pio\build\debug\FrameworkArduino\Tone.cpp.o
Compiling .pio\build\debug\FrameworkArduino\USB.cpp.o
Compiling .pio\build\debug\FrameworkArduino\USBCDC.cpp.o
Compiling .pio\build\debug\FrameworkArduino\USBMSC.cpp.o
Compiling .pio\build\debug\FrameworkArduino\WMath.cpp.o
Compiling .pio\build\debug\FrameworkArduino\WString.cpp.o
Compiling .pio\build\debug\FrameworkArduino\base64.cpp.o
Compiling .pio\build\debug\FrameworkArduino\cbuf.cpp.o
Compiling .pio\build\debug\FrameworkArduino\chip-debug-report.cpp.o
Compiling .pio\build\debug\FrameworkArduino\esp32-hal-adc.c.o
Compiling .pio\build\debug\FrameworkArduino\esp32-hal-bt.c.o
Compiling .pio\build\debug\FrameworkArduino\esp32-hal-cpu.c.o
Compiling .pio\build\debug\FrameworkArduino\esp32-hal-dac.c.o
Compiling .pio\build\debug\FrameworkArduino\esp32-hal-gpio.c.o
Compiling .pio\build\debug\FrameworkArduino\esp32-hal-hosted.c.o
Compiling .pio\build\debug\FrameworkArduino\esp32-hal-i2c-ng.c.o
Compiling .pio\build\debug\FrameworkArduino\esp32-hal-i2c-slave.c.o
Compiling .pio\build\debug\FrameworkArduino\esp32-hal-i2c.c.o
Compiling .pio\build\debug\FrameworkArduino\esp32-hal-ledc.c.o
Compiling .pio\build\debug\FrameworkArduino\esp32-hal-log-wrapper.c.o
Compiling .pio\build\debug\FrameworkArduino\esp32-hal-matrix.c.o
Compiling .pio\build\debug\FrameworkArduino\esp32-hal-misc.c.o
Compiling .pio\build\debug\FrameworkArduino\esp32-hal-periman.c.o
Compiling .pio\build\debug\FrameworkArduino\esp32-hal-psram.c.o
Compiling .pio\build\debug\FrameworkArduino\esp32-hal-rgb-led.c.o
Compiling .pio\build\debug\FrameworkArduino\esp32-hal-rmt.c.o
Compiling .pio\build\debug\FrameworkArduino\esp32-hal-sigmadelta.c.o
Compiling .pio\build\debug\FrameworkArduino\esp32-hal-spi.c.o
Compiling .pio\build\debug\FrameworkArduino\esp32-hal-time.c.o
Compiling .pio\build\debug\FrameworkArduino\esp32-hal-timer.c.o
Compiling .pio\build\debug\FrameworkArduino\esp32-hal-tinyusb.c.o
Compiling .pio\build\debug\FrameworkArduino\esp32-hal-touch-ng.c.o
Compiling .pio\build\debug\FrameworkArduino\esp32-hal-touch.c.o
Compiling .pio\build\debug\FrameworkArduino\esp32-hal-uart.c.o
Compiling .pio\build\debug\FrameworkArduino\firmware_msc_fat.c.o
Compiling .pio\build\debug\FrameworkArduino\freertos_stats.cpp.o
Compiling .pio\build\debug\FrameworkArduino\idf_openthread_mpool_wrapper.c.o
Compiling .pio\build\debug\FrameworkArduino\libb64\cdecode.c.o
Compiling .pio\build\debug\FrameworkArduino\libb64\cencode.c.o
Compiling .pio\build\debug\FrameworkArduino\main.cpp.o
Compiling .pio\build\debug\FrameworkArduino\stdlib_noniso.c.o
Compiling .pio\build\debug\FrameworkArduino\wiring_pulse.c.o
Compiling .pio\build\debug\FrameworkArduino\wiring_shift.c.o
Archiving .pio\build\debug\libFrameworkArduino.a
Linking .pio\build\debug\firmware.elf
Firmware metrics can not be shown. Set the terminal codepage to "utf-8" or "cp65001" on Windows.
Retrieving maximum program size .pio\build\debug\firmware.elf
Checking size .pio\build\debug\firmware.elf
Advanced Memory Usage is available via "PlatformIO Home > Project Inspect"
RAM:   [=         ]   7.0% (used 23004 bytes from 327680 bytes)
Flash: [=         ]  11.3% (used 377213 bytes from 3342336 bytes)
Building .pio\build\debug\firmware.bin
esptool v5.1.2
Creating ESP32S3 image...
Merged 2 ELF sections.
Successfully created ESP32S3 image.
============================================= [SUCCESS] Took 39.14 seconds =============================================

Environment    Status    Duration
-------------  --------  ------------
debug          SUCCESS   00:00:39.135
============================================== 1 succeeded in 00:00:39.135 ==============================================