19:10:37.893 > ESP-ROM:esp32s3-20210327
19:10:37.893 > Build:Mar 27 2021
19:10:37.893 > rst:0x1 (POWERON),boot:0x28 (SPI_FAST_FLASH_BOOT)
19:10:37.893 > SPIWP:0xee
19:10:37.893 > mode:DIO, clock div:1
19:10:37.893 > load:0x3fce2820,len:0x10cc
19:10:37.893 > load:0x403c8700,len:0xc2c
19:10:37.893 > load:0x403cb700,len:0x30c0
19:10:37.893 > entry 0x403c88b8
19:10:38.212 > [    12][I][esp32-hal-psram.c:106] psramAddToHeap(): PSRAM added to the heap.
19:10:38.233 >
19:10:38.233 > running example "BiQuad Notch Filter":
19:10:38.233 > 0000, 000c, 0019, 0025, 0032, 003e, 004b, 0057, 0064, 0071, 007d, 008a, 0096, 00a3, 00af, 00bc, 
19:10:38.247 > 00c9, 00d5, 00e2, 00ee, 00fb, 0107, 0114, 0120, 012d, 013a, 0146, 0153, 015f, 016c, 0178, 0185,
19:10:38.252 > 0192, 019e, 01ab, 01b7, 01c4, 01d0, 01dd, 01e9, 01f6, 0203, 020f, 021c, 0228, 0235, 0241, 024e, 
19:10:38.265 > 025b, 0267, 0274, 0280, 028d, 0299, 02a6, 02b2, 02bf, 02cc, 02d8, 02e5, 02f1, 02fe, 030a, 0317, 
19:10:38.270 > 0323, 0330, 033c, 0349, 0356, 0362, 036f, 037b, 0388, 0394, 03a1, 03ad, 03ba, 03c6, 03d3, 03e0, 
19:10:38.281 > 03ec, 03f9, 0405, 0412, 041e, 042b, 0437, 0444, 0450, 045d, 046a, 0476, 0483, 048f, 049c, 04a8, 
19:10:38.294 > 04b5, 04c1, 04ce, 04da, 04e7, 04f3, 0500, 050c, 0519, 0525, 0532, 053f, 054b, 0558, 0564, 0571,
19:10:38.299 > 057d, 058a, 0596, 05a3, 05af, 05bc, 05c8, 05d5, 05e1, 05ee, 05fa, 0607, 0613, 0620, 062c, 0639,
19:10:38.315 > 0645, 0652, 065e, 066b, 0677, 0684, 0690, 069d, 06a9, 06b6, 06c2, 06cf, 06db, 06e8, 06f4, 0701,
19:10:38.315 > 070d, 071a, 0726, 0733, 073f, 074c, 0758, 0765, 0771, 077e, 078a, 0797, 07a3, 07b0, 07bc, 07c8, 
19:10:38.319 > 07d5, 07e1, 07ee, 07fa, 0807, 0813, 0820, 082c, 0839, 0845, 0852, 085e, 086b, 0877, 0883, 0890,
19:10:38.329 > 089c, 08a9, 08b5, 08c2, 08ce, 08db, 08e7, 08f3, 0900, 090c, 0919, 0925, 0932, 093e, 094b, 0957,
19:10:38.342 > 0963, 0970, 097c, 0989, 0995, 09a2, 09ae, 09ba, 09c7, 09d3, 09e0, 09ec, 09f8, 0a05, 0a11, 0a1e, 
19:10:38.342 > 0a2a, 0a36, 0a43, 0a4f, 0a5c, 0a68, 0a74, 0a81, 0a8d, 0a9a, 0aa6, 0ab2, 0abf, 0acb, 0ad8, 0ae4, 
19:10:38.359 > 0af0, 0afd, 0b09, 0b16, 0b22, 0b2e, 0b3b, 0b47, 0b53, 0b60, 0b6c, 0b78, 0b85, 0b91, 0b9e, 0baa,
19:10:38.359 > 0bb6, 0bc3, 0bcf, 0bdb, 0be8, 0bf4, 0c00, 0c0d, 0c19, 0c25, 0c32, 0c3e, 0c4a, 0c57, 0c63, 0c6f, 
19:10:38.373 > 0c7c, 0c88, 0c94, 0ca1, 0cad, 0cb9, 0cc6, 0cd2, 0cde, 0ceb, 0cf7, 0d03, 0d0f, 0d1c, 0d28, 0d34,
19:10:38.379 > 0d41, 0d4d, 0d59, 0d65, 0d72, 0d7e, 0d8a, 0d97, 0da3, 0daf, 0dbb, 0dc8, 0dd4, 0de0, 0ded, 0df9, 
19:10:38.389 > 0e05, 0e11, 0e1e, 0e2a, 0e36, 0e42, 0e4f, 0e5b, 0e67, 0e73, 0e80, 0e8c, 0e98, 0ea4, 0eb0, 0ebd,
19:10:38.389 > 0ec9, 0ed5, 0ee1, 0eee, 0efa, 0f06, 0f12, 0f1e, 0f2b, 0f37, 0f43, 0f4f, 0f5b, 0f68, 0f74, 0f80, 
19:10:38.409 > 0f8c, 0f98, 0fa5, 0fb1, 0fbd, 0fc9, 0fd5, 0fe2, 0fee, 0ffa, 1006, 1012, 101e, 102b, 1037, 1043,
19:10:38.409 > 104f, 105b, 1067, 1073, 1080, 108c, 1098, 10a4, 10b0, 10bc, 10c8, 10d4, 10e1, 10ed, 10f9, 1105, 
19:10:38.423 > 1111, 111d, 1129, 1135, 1141, 114e, 115a, 1166, 1172, 117e, 118a, 1196, 11a2, 11ae, 11ba, 11c6,
19:10:38.429 > 11d2, 11df, 11eb, 11f7, 1203, 120f, 121b, 1227, 1233, 123f, 124b, 1257, 1263, 126f, 127b, 1287, 
19:10:38.442 > 1293, 129f, 12ab, 12b7, 12c3, 12cf, 12db, 12e7, 12f3, 12ff, 130b, 1317, 1323, 132f, 133b, 1347,
19:10:38.442 > 1353, 135f, 136b, 1377, 1383, 138f, 139b, 13a7, 13b3, 13bf, 13cb, 13d7, 13e3, 13ef, 13fb, 1407, 
19:10:38.459 > 1413, 141e, 142a, 1436, 1442, 144e, 145a, 1466, 1472, 147e, 148a, 1496, 14a2, 14ad, 14b9, 14c5,
19:10:38.463 > 14d1, 14dd, 14e9, 14f5, 1501, 150c, 1518, 1524, 1530, 153c, 1548, 1554, 155f, 156b, 1577, 1583, 
19:10:38.469 > 158f, 159b, 15a6, 15b2, 15be, 15ca, 15d6, 15e2, 15ed, 15f9, 1605, 1611, 161d, 1628, 1634, 1640, 
19:10:38.484 > 164c, 1657, 1663, 166f, 167b, 1686, 1692, 169e, 16aa, 16b6, 16c1, 16cd, 16d9, 16e4, 16f0, 16fc,
19:10:38.489 > 1708, 1713, 171f, 172b, 1737, 1742, 174e, 175a, 1765, 1771, 177d, 1788, 1794, 17a0, 17ab, 17b7, 
19:10:38.503 > 17c3, 17ce, 17da, 17e6, 17f1, 17fd, 1809, 1814, 1820, 182c, 1837, 1843, 184f, 185a, 1866, 1871,
19:10:38.509 > 187d, 1889, 1894, 18a0, 18ab, 18b7, 18c3, 18ce, 18da, 18e5, 18f1, 18fc, 1908, 1914, 191f, 192b, 
19:10:38.520 > 1936, 1942, 194d, 1959, 1964, 1970, 197b, 1987, 1993, 199e, 19aa, 19b5, 19c1, 19cc, 19d8, 19e3,
19:10:38.522 > 19ef, 19fa, 1a06, 1a11, 1a1c, 1a28, 1a33, 1a3f, 1a4a, 1a56, 1a61, 1a6d, 1a78, 1a84, 1a8f, 1a9a, 
19:10:38.532 > 1aa6, 1ab1, 1abd, 1ac8, 1ad4, 1adf, 1aea, 1af6, 1b01, 1b0d, 1b18, 1b23, 1b2f, 1b3a, 1b45, 1b51,
19:10:38.539 > 1b5c, 1b67, 1b73, 1b7e, 1b8a, 1b95, 1ba0, 1bac, 1bb7, 1bc2, 1bce, 1bd9, 1be4, 1bef, 1bfb, 1c06, 
19:10:38.549 > 1c11, 1c1d, 1c28, 1c33, 1c3e, 1c4a, 1c55, 1c60, 1c6c, 1c77, 1c82, 1c8d, 1c99, 1ca4, 1caf, 1cba,
19:10:38.559 > 1cc5, 1cd1, 1cdc, 1ce7, 1cf2, 1cfe, 1d09, 1d14, 1d1f, 1d2a, 1d36, 1d41, 1d4c, 1d57, 1d62, 1d6d, 
19:10:38.571 > 1d79, 1d84, 1d8f, 1d9a, 1da5, 1db0, 1dbb, 1dc6, 1dd2, 1ddd, 1de8, 1df3, 1dfe, 1e09, 1e14, 1e1f,
19:10:38.573 > 1e2a, 1e35, 1e41, 1e4c, 1e57, 1e62, 1e6d, 1e78, 1e83, 1e8e, 1e99, 1ea4, 1eaf, 1eba, 1ec5, 1ed0, 
19:10:38.580 > 1edb, 1ee6, 1ef1, 1efc, 1f07, 1f12, 1f1d, 1f28, 1f33, 1f3e, 1f49, 1f54, 1f5f, 1f6a, 1f75, 1f80,
19:10:38.589 > 1f8b, 1f96, 1fa1, 1fab, 1fb6, 1fc1, 1fcc, 1fd7, 1fe2, 1fed, 1ff8, 2003, 200e, 2018, 2023, 202e, 
19:10:38.599 > 2039, 2044, 204f, 205a, 2064, 206f, 207a, 2085, 2090, 209a, 20a5, 20b0, 20bb, 20c6, 20d0, 20db,
19:10:38.612 > 20e6, 20f1, 20fc, 2106, 2111, 211c, 2127, 2131, 213c, 2147, 2152, 215c, 2167, 2172, 217c, 2187,
19:10:38.619 > 2192, 219d, 21a7, 21b2, 21bd, 21c7, 21d2, 21dd, 21e7, 21f2, 21fd, 2207, 2212, 221c, 2227, 2232, 
19:10:38.629 > 223c, 2247, 2252, 225c, 2267, 2271, 227c, 2287, 2291, 229c, 22a6, 22b1, 22bb, 22c6, 22d0, 22db,
19:10:38.632 > 22e6, 22f0, 22fb, 2305, 2310, 231a, 2325, 232f, 233a, 2344, 234f, 2359, 2364, 236e, 2379, 2383, 
19:10:38.647 > 238d, 2398, 23a2, 23ad, 23b7, 23c2, 23cc, 23d6, 23e1, 23eb, 23f6, 2400, 240a, 2415, 241f, 242a,
19:10:38.649 > 2434, 243e, 2449, 2453, 245d, 2468, 2472, 247c, 2487, 2491, 249b, 24a6, 24b0, 24ba, 24c4, 24cf, 
19:10:38.659 > 24d9, 24e3, 24ee, 24f8, 2502, 250c, 2517, 2521, 252b, 2535, 253f, 254a, 2554, 255e, 2568, 2572,
19:10:38.669 > 257d, 2587, 2591, 259b, 25a5, 25af, 25ba, 25c4, 25ce, 25d8, 25e2, 25ec, 25f6, 2601, 260b, 2615, 
19:10:38.681 > 261f, 2629, 2633, 263d, 2647, 2651, 265b, 2665, 266f, 2679, 2683, 268e, 2698, 26a2, 26ac, 26b6,
19:10:38.686 > 26c0, 26ca, 26d4, 26de, 26e8, 26f2, 26fb, 2705, 270f, 2719, 2723, 272d, 2737, 2741, 274b, 2755, 
19:10:38.698 > 275f, 2769, 2773, 277d, 2786, 2790, 279a, 27a4, 27ae, 27b8, 27c2, 27cb, 27d5, 27df, 27e9, 27f3,
19:10:38.703 > 27fd, 2806, 2810, 281a, 2824, 282e, 2837, 2841, 284b, 2855, 285e, 2868, 2872, 287c, 2885, 288f, 
19:10:38.713 > 2899, 28a2, 28ac, 28b6, 28c0, 28c9, 28d3, 28dd, 28e6, 28f0, 28fa, 2903, 290d, 2917, 2920, 292a,
19:10:38.719 > 2933, 293d, 2947, 2950, 295a, 2963, 296d, 2977, 2980, 298a, 2993, 299d, 29a6, 29b0, 29b9, 29c3, 
19:10:38.731 > 29cc, 29d6, 29df, 29e9, 29f2, 29fc, 2a05, 2a0f, 2a18, 2a22, 2a2b, 2a35, 2a3e, 2a48, 2a51, 2a5a,
19:10:38.737 > 2a64, 2a6d, 2a77, 2a80, 2a89, 2a93, 2a9c, 2aa6, 2aaf, 2ab8, 2ac2, 2acb, 2ad4, 2ade, 2ae7, 2af0, 
19:10:38.742 > 2afa, 2b03, 2b0c, 2b16, 2b1f, 2b28, 2b31, 2b3b, 2b44, 2b4d, 2b56, 2b60, 2b69, 2b72, 2b7b, 2b85, 
19:10:38.759 > 2b8e, 2b97, 2ba0, 2ba9, 2bb3, 2bbc, 2bc5, 2bce, 2bd7, 2be0, 2bea, 2bf3, 2bfc, 2c05, 2c0e, 2c17,
19:10:38.764 > 2c20, 2c29, 2c32, 2c3c, 2c45, 2c4e, 2c57, 2c60, 2c69, 2c72, 2c7b, 2c84, 2c8d, 2c96, 2c9f, 2ca8, 
19:10:38.775 > 2cb1, 2cba, 2cc3, 2ccc, 2cd5, 2cde, 2ce7, 2cf0, 2cf9, 2d02, 2d0b, 2d14, 2d1c, 2d25, 2d2e, 2d37,
19:10:38.781 > 2d40, 2d49, 2d52, 2d5b, 2d64, 2d6c, 2d75, 2d7e, 2d87, 2d90, 2d99, 2da1, 2daa, 2db3, 2dbc, 2dc5, 
19:10:38.792 > 2dcd, 2dd6, 2ddf, 2de8, 2df0, 2df9, 2e02, 2e0b, 2e13, 2e1c, 2e25, 2e2d, 2e36, 2e3f, 2e47, 2e50,
19:10:38.797 > 2e59, 2e62, 2e6a, 2e73, 2e7b, 2e84, 2e8d, 2e95, 2e9e, 2ea7, 2eaf, 2eb8, 2ec0, 2ec9, 2ed1, 2eda, 
19:10:38.809 > 2ee3, 2eeb, 2ef4, 2efc, 2f05, 2f0d, 2f16, 2f1e, 2f27, 2f2f, 2f38, 2f40, 2f49, 2f51, 2f5a, 2f62,
19:10:38.815 > 2f6b, 2f73, 2f7b, 2f84, 2f8c, 2f95, 2f9d, 2fa5, 2fae, 2fb6, 2fbf, 2fc7, 2fcf, 2fd8, 2fe0, 2fe8, 
19:10:38.825 > 2ff1, 2ff9, 3001, 300a, 3012, 301a, 3022, 302b, 3033, 303b, 3043, 304c, 3054, 305c, 3064, 306d,
19:10:38.830 > 3075, 307d, 3085, 308d, 3096, 309e, 30a6, 30ae, 30b6, 30be, 30c7, 30cf, 30d7, 30df, 30e7, 30ef, 
19:10:38.841 > 30f7, 30ff, 3107, 310f, 3118, 3120, 3128, 3130, 3138, 3140, 3148, 3150, 3158, 3160, 3168, 3170, 
19:10:38.848 > 3178, 3180, 3188, 3190, 3198, 319f, 31a7, 31af, 31b7, 31bf, 31c7, 31cf, 31d7, 31df, 31e7, 31ee,
19:10:38.858 > 31f6, 31fe, 3206, 320e, 3216, 321d, 3225, 322d, 3235, 323d, 3244, 324c, 3254, 325c, 3264, 326b, 
19:10:38.864 > 3273, 327b, 3282, 328a, 3292, 329a, 32a1, 32a9, 32b1, 32b8, 32c0, 32c8, 32cf, 32d7, 32de, 32e6,
19:10:38.874 > 32ee, 32f5, 32fd, 3304, 330c, 3314, 331b, 3323, 332a, 3332, 3339, 3341, 3348, 3350, 3357, 335f,
19:10:38.887 > 3366, 336e, 3375, 337d, 3384, 338c, 3393, 339b, 33a2, 33aa, 33b1, 33b8, 33c0, 33c7, 33ce, 33d6,
19:10:38.893 > 33dd, 33e5, 33ec, 33f3, 33fb, 3402, 3409, 3411, 3418, 341f, 3426, 342e, 3435, 343c, 3444, 344b, 
19:10:38.903 > 3452, 3459, 3460, 3468, 346f, 3476, 347d, 3484, 348c, 3493, 349a, 34a1, 34a8, 34af, 34b7, 34be,
19:10:38.910 > 34c5, 34cc, 34d3, 34da, 34e1, 34e8, 34ef, 34f6, 34fd, 3504, 350b, 3512, 3519, 3520, 3527, 352e, 
19:10:38.920 > 3535, 353c, 3543, 354a, 3551, 3558, 355f, 3566, 356d, 3574, 357b, 3582, 3589, 3590, 3596, 359d,
19:10:38.926 > 35a4, 35ab, 35b2, 35b9, 35bf, 35c6, 35cd, 35d4, 35db, 35e1, 35e8, 35ef, 35f6, 35fd, 3603, 360a, 
19:10:38.937 > 3611, 3617, 361e, 3625, 362c, 3632, 3639, 3640, 3646, 364d, 3654, 365a, 3661, 3667, 366e, 3675,
19:10:38.941 > 367b, 3682, 3688, 368f, 3696, 369c, 36a3, 36a9, 36b0, 36b6, 36bd, 36c3, 36ca, 36d0, 36d7, 36dd, 
19:10:38.953 > 36e4, 36ea, 36f1, 36f7, 36fd, 3704, 370a, 3711, 3717, 371d, 3724, 372a, 3731, 3737, 373d, 3744,
19:10:38.959 > 374a, 3750, 3757, 375d, 3763, 3769, 3770, 3776, 377c, 3783, 3789, 378f, 3795, 379c, 37a2, 37a8, 
19:10:38.970 > 37ae, 37b4, 37bb, 37c1, 37c7, 37cd, 37d3, 37d9, 37df, 37e6, 37ec, 37f2, 37f8, 37fe, 3804, 380a,
19:10:38.975 > 3810, 3816, 381c, 3822, 3828, 382e, 3834, 383a, 3840, 3846, 384c, 3852, 3858, 385e, 3864, 386a, 
19:10:38.987 > 3870, 3876, 387c, 3882, 3888, 388e, 3893, 3899, 389f, 38a5, 38ab, 38b1, 38b6, 38bc, 38c2, 38c8,
19:10:38.992 > 38ce, 38d3, 38d9, 38df, 38e5, 38eb, 38f0, 38f6, 38fc, 3901, 3907, 390d, 3913, 3918, 391e, 3924, 
19:10:39.003 > 3929, 392f, 3934, 393a, 3940, 3945, 394b, 3951, 3956, 395c, 3961, 3967, 396c, 3972, 3977, 397d, 
19:10:39.008 > 3982, 3988, 398d, 3993, 3998, 399e, 39a3, 39a9, 39ae, 39b4, 39b9, 39bf, 39c4, 39c9, 39cf, 39d4,
19:10:39.020 > 39da, 39df, 39e4, 39ea, 39ef, 39f4, 39fa, 39ff, 3a04, 3a0a, 3a0f, 3a14, 3a19, 3a1f, 3a24, 3a29, 
19:10:39.031 > 3a2e, 3a34, 3a39, 3a3e, 3a43, 3a48, 3a4e, 3a53, 3a58, 3a5d, 3a62, 3a67, 3a6d, 3a72, 3a77, 3a7c,
19:10:39.036 > 3a81, 3a86, 3a8b, 3a90, 3a95, 3a9a, 3a9f, 3aa4, 3aa9, 3aae, 3ab3, 3ab8, 3abd, 3ac2, 3ac7, 3acc, 
19:10:39.048 > 3ad1, 3ad6, 3adb, 3ae0, 3ae5, 3aea, 3aef, 3af4, 3af9, 3afe, 3b02, 3b07, 3b0c, 3b11, 3b16, 3b1b,
19:10:39.052 > 3b1f, 3b24, 3b29, 3b2e, 3b33, 3b37, 3b3c, 3b41, 3b46, 3b4a, 3b4f, 3b54, 3b58, 3b5d, 3b62, 3b67, 
19:10:39.064 > 3b6b, 3b70, 3b75, 3b79, 3b7e, 3b82, 3b87, 3b8c, 3b90, 3b95, 3b99, 3b9e, 3ba3, 3ba7, 3bac, 3bb0,
19:10:39.070 > 3bb5, 3bb9, 3bbe, 3bc2, 3bc7, 3bcb, 3bd0, 3bd4, 3bd9, 3bdd, 3be1, 3be6, 3bea, 3bef, 3bf3, 3bf8, 
19:10:39.081 > 3bfc, 3c00, 3c05, 3c09, 3c0d, 3c12, 3c16, 3c1a, 3c1f, 3c23, 3c27, 3c2c, 3c30, 3c34, 3c38, 3c3d,
19:10:39.085 > 3c41, 3c45, 3c49, 3c4d, 3c52, 3c56, 3c5a, 3c5e, 3c62, 3c67, 3c6b, 3c6f, 3c73, 3c77, 3c7b, 3c7f, 
19:10:39.097 > 3c83, 3c87, 3c8c, 3c90, 3c94, 3c98, 3c9c, 3ca0, 3ca4, 3ca8, 3cac, 3cb0, 3cb4, 3cb8, 3cbc, 3cc0, 
19:10:39.103 > 3cc4, 3cc8, 3ccb, 3ccf, 3cd3, 3cd7, 3cdb, 3cdf, 3ce3, 3ce7, 3ceb, 3cee, 3cf2, 3cf6, 3cfa, 3cfe,
19:10:39.111 > 3d02, 3d05, 3d09, 3d0d, 3d11, 3d14, 3d18, 3d1c, 3d20, 3d23, 3d27, 3d2b, 3d2e, 3d32, 3d36, 3d39, 
19:10:39.119 > 3d3d, 3d41, 3d44, 3d48, 3d4c, 3d4f, 3d53, 3d56, 3d5a, 3d5e, 3d61, 3d65, 3d68, 3d6c, 3d6f, 3d73,
19:10:39.130 > 3d76, 3d7a, 3d7d, 3d81, 3d84, 3d88, 3d8b, 3d8f, 3d92, 3d95, 3d99, 3d9c, 3da0, 3da3, 3da6, 3daa, 
19:10:39.135 > 3dad, 3db0, 3db4, 3db7, 3dba, 3dbe, 3dc1, 3dc4, 3dc8, 3dcb, 3dce, 3dd1, 3dd5, 3dd8, 3ddb, 3dde,
19:10:39.146 > 3de1, 3de5, 3de8, 3deb, 3dee, 3df1, 3df5, 3df8, 3dfb, 3dfe, 3e01, 3e04, 3e07, 3e0a, 3e0d, 3e10, 
19:10:39.159 > 3e14, 3e17, 3e1a, 3e1d, 3e20, 3e23, 3e26, 3e29, 3e2c, 3e2f, 3e32, 3e35, 3e37, 3e3a, 3e3d, 3e40,
19:10:39.163 > 3e43, 3e46, 3e49, 3e4c, 3e4f, 3e52, 3e54, 3e57, 3e5a, 3e5d, 3e60, 3e63, 3e65, 3e68, 3e6b, 3e6e, 
19:10:39.175 > 3e70, 3e73, 3e76, 3e79, 3e7b, 3e7e, 3e81, 3e83, 3e86, 3e89, 3e8b, 3e8e, 3e91, 3e93, 3e96, 3e99,
19:10:39.180 > 3e9b, 3e9e, 3ea0, 3ea3, 3ea6, 3ea8, 3eab, 3ead, 3eb0, 3eb2, 3eb5, 3eb7, 3eba, 3ebc, 3ebf, 3ec1, 
19:10:39.192 > 3ec4, 3ec6, 3ec9, 3ecb, 3ecd, 3ed0, 3ed2, 3ed5, 3ed7, 3ed9, 3edc, 3ede, 3ee0, 3ee3, 3ee5, 3ee7, 
19:10:39.198 > 3eea, 3eec, 3eee, 3ef1, 3ef3, 3ef5, 3ef7, 3efa, 3efc, 3efe, 3f00, 3f02, 3f05, 3f07, 3f09, 3f0b,
19:10:39.198 > 3f0d, 3f0f, 3f12, 3f14, 3f16, 3f18, 3f1a, 3f1c, 3f1e, 3f20, 3f22, 3f24, 3f26, 3f28, 3f2a, 3f2c, 
19:10:39.214 > 3f2e, 3f30, 3f32, 3f34, 3f36, 3f38, 3f3a, 3f3c, 3f3e, 3f40, 3f42, 3f44, 3f46, 3f48, 3f49, 3f4b,
19:10:39.220 > 3f4d, 3f4f, 3f51, 3f53, 3f54, 3f56, 3f58, 3f5a, 3f5c, 3f5d, 3f5f, 3f61, 3f63, 3f64, 3f66, 3f68, 
19:10:39.231 > 3f69, 3f6b, 3f6d, 3f6e, 3f70, 3f72, 3f73, 3f75, 3f77, 3f78, 3f7a, 3f7b, 3f7d, 3f7f, 3f80, 3f82,
19:10:39.239 > 3f83, 3f85, 3f86, 3f88, 3f89, 3f8b, 3f8c, 3f8e, 3f8f, 3f91, 3f92, 3f94, 3f95, 3f96, 3f98, 3f99, 
19:10:39.247 > 3f9b, 3f9c, 3f9d, 3f9f, 3fa0, 3fa1, 3fa3, 3fa4, 3fa5, 3fa7, 3fa8, 3fa9, 3fab, 3fac, 3fad, 3fae,
19:10:39.247 > 3fb0, 3fb1, 3fb2, 3fb3, 3fb4, 3fb6, 3fb7, 3fb8, 3fb9, 3fba, 3fbb, 3fbd, 3fbe, 3fbf, 3fc0, 3fc1, 
19:10:39.263 > 3fc2, 3fc3, 3fc4, 3fc5, 3fc6, 3fc7, 3fc8, 3fc9, 3fca, 3fcb, 3fcc, 3fcd, 3fce, 3fcf, 3fd0, 3fd1,
19:10:39.265 > 3fd2, 3fd3, 3fd4, 3fd5, 3fd6, 3fd7, 3fd7, 3fd8, 3fd9, 3fda, 3fdb, 3fdc, 3fdd, 3fdd, 3fde, 3fdf, 
19:10:39.277 > 3fe0, 3fe0, 3fe1, 3fe2, 3fe3, 3fe3, 3fe4, 3fe5, 3fe6, 3fe6, 3fe7, 3fe8, 3fe8, 3fe9, 3fea, 3fea, 
19:10:39.291 > 3feb, 3feb, 3fec, 3fed, 3fed, 3fee, 3fee, 3fef, 3fef, 3ff0, 3ff0, 3ff1, 3ff1, 3ff2, 3ff2, 3ff3,
19:10:39.294 > 3ff3, 3ff4, 3ff4, 3ff5, 3ff5, 3ff6, 3ff6, 3ff6, 3ff7, 3ff7, 3ff8, 3ff8, 3ff8, 3ff9, 3ff9, 3ff9, 
19:10:39.307 > 3ffa, 3ffa, 3ffa, 3ffa, 3ffb, 3ffb, 3ffb, 3ffb, 3ffc, 3ffc, 3ffc, 3ffc, 3ffd, 3ffd, 3ffd, 3ffd,
19:10:39.320 > 3ffd, 3ffd, 3ffe, 3ffe, 3ffe, 3ffe, 3ffe, 3ffe, 3ffe, 3ffe, 3ffe, 3ffe, 3ffe, 3ffe, 3ffe, 3ffe, 
19:10:39.325 > 3fff, 3ffe, 3ffe, 3ffe, 3ffe, 3ffe, 3ffe, 3ffe, 3ffe, 3ffe, 3ffe, 3ffe, 3ffe, 3ffe, 3ffe, 3ffd,
19:10:39.325 > 3ffd, 3ffd, 3ffd, 3ffd, 3ffd, 3ffc, 3ffc, 3ffc, 3ffc, 3ffb, 3ffb, 3ffb, 3ffb, 3ffa, 3ffa, 3ffa, 
19:10:39.342 > 3ffa, 3ff9, 3ff9, 3ff9, 3ff8, 3ff8, 3ff8, 3ff7, 3ff7, 3ff6, 3ff6, 3ff6, 3ff5, 3ff5, 3ff4, 3ff4,
19:10:39.342 > 3ff3, 3ff3, 3ff2, 3ff2, 3ff1, 3ff1, 3ff0, 3ff0, 3fef, 3fef, 3fee, 3fee, 3fed, 3fed, 3fec, 3feb, 
19:10:39.358 > 3feb, 3fea, 3fea, 3fe9, 3fe8, 3fe8, 3fe7, 3fe6, 3fe6, 3fe5, 3fe4, 3fe3, 3fe3, 3fe2, 3fe1, 3fe0,
19:10:39.358 > 3fe0, 3fdf, 3fde, 3fdd, 3fdd, 3fdc, 3fdb, 3fda, 3fd9, 3fd8, 3fd7, 3fd7, 3fd6, 3fd5, 3fd4, 3fd3, 
19:10:39.371 > 3fd2, 3fd1, 3fd0, 3fcf, 3fce, 3fcd, 3fcc, 3fcb, 3fca, 3fc9, 3fc8, 3fc7, 3fc6, 3fc5, 3fc4, 3fc3, 
19:10:39.387 > 3fc2, 3fc1, 3fc0, 3fbf, 3fbe, 3fbd, 3fbb, 3fba, 3fb9, 3fb8, 3fb7, 3fb6, 3fb4, 3fb3, 3fb2, 3fb1,
19:10:39.387 > 3fb0, 3fae, 3fad, 3fac, 3fab, 3fa9, 3fa8, 3fa7, 3fa5, 3fa4, 3fa3, 3fa1, 3fa0, 3f9f, 3f9d, 3f9c, 
19:10:39.402 > 3f9b, 3f99, 3f98, 3f96, 3f95, 3f94, 3f92, 3f91, 3f8f, 3f8e, 3f8c, 3f8b, 3f89, 3f88, 3f86, 3f85,
19:10:39.409 > 3f83, 3f82, 3f80, 3f7f, 3f7d, 3f7b, 3f7a, 3f78, 3f77, 3f75, 3f73, 3f72, 3f70, 3f6e, 3f6d, 3f6b, 
19:10:39.420 > 3f69, 3f68, 3f66, 3f64, 3f63, 3f61, 3f5f, 3f5d, 3f5c, 3f5a, 3f58, 3f56, 3f54, 3f53, 3f51, 3f4f,
19:10:39.431 > 3f4d, 3f4b, 3f49, 3f48, 3f46, 3f44, 3f42, 3f40, 3f3e, 3f3c, 3f3a, 3f38, 3f36, 3f34, 3f32, 3f30, 
19:10:39.436 > 3f2e, 3f2c, 3f2a, 3f28, 3f26, 3f24, 3f22, 3f20, 3f1e, 3f1c, 3f1a, 3f18, 3f16, 3f14, 3f12, 3f0f,
19:10:39.444 > 3f0d, 3f0b, 3f09, 3f07, 3f05, 3f02, 3f00, 3efe, 3efc, 3efa, 3ef7, 3ef5, 3ef3, 3ef1, 3eee, 3eec, 
19:10:39.450 > 3eea, 3ee7, 3ee5, 3ee3, 3ee0, 3ede, 3edc, 3ed9, 3ed7, 3ed5, 3ed2, 3ed0, 3ecd, 3ecb, 3ec9, 3ec6,
19:10:39.458 > 3ec4, 3ec1, 3ebf, 3ebc, 3eba, 3eb7, 3eb5, 3eb2, 3eb0, 3ead, 3eab, 3ea8, 3ea6, 3ea3, 3ea0, 3e9e, 
19:10:39.466 > 3e9b, 3e99, 3e96, 3e93, 3e91, 3e8e, 3e8b, 3e89, 3e86, 3e83, 3e81, 3e7e, 3e7b, 3e79, 3e76, 3e73, 
19:10:39.475 > 3e70, 3e6e, 3e6b, 3e68, 3e65, 3e63, 3e60, 3e5d, 3e5a, 3e57, 3e54, 3e52, 3e4f, 3e4c, 3e49, 3e46,
19:10:39.475 > 3e43, 3e40, 3e3d, 3e3a, 3e37, 3e35, 3e32, 3e2f, 3e2c, 3e29, 3e26, 3e23, 3e20, 3e1d, 3e1a, 3e17, 
19:10:39.496 > 3e14, 3e10, 3e0d, 3e0a, 3e07, 3e04, 3e01, 3dfe, 3dfb, 3df8, 3df5, 3df1, 3dee, 3deb, 3de8, 3de5,
19:10:39.502 > 3de1, 3dde, 3ddb, 3dd8, 3dd5, 3dd1, 3dce, 3dcb, 3dc8, 3dc4, 3dc1, 3dbe, 3dba, 3db7, 3db4, 3db0, 
19:10:39.507 > 3dad, 3daa, 3da6, 3da3, 3da0, 3d9c, 3d99, 3d95, 3d92, 3d8f, 3d8b, 3d88, 3d84, 3d81, 3d7d, 3d7a,
19:10:39.520 > 3d76, 3d73, 3d6f, 3d6c, 3d68, 3d65, 3d61, 3d5e, 3d5a, 3d56, 3d53, 3d4f, 3d4c, 3d48, 3d44, 3d41, 
19:10:39.528 > 3d3d, 3d39, 3d36, 3d32, 3d2e, 3d2b, 3d27, 3d23, 3d20, 3d1c, 3d18, 3d14, 3d11, 3d0d, 3d09, 3d05,
19:10:39.528 > 3d02, 3cfe, 3cfa, 3cf6, 3cf2, 3cee, 3ceb, 3ce7, 3ce3, 3cdf, 3cdb, 3cd7, 3cd3, 3ccf, 3ccb, 3cc8, 
19:10:39.546 > 3cc4, 3cc0, 3cbc, 3cb8, 3cb4, 3cb0, 3cac, 3ca8, 3ca4, 3ca0, 3c9c, 3c98, 3c94, 3c90, 3c8c, 3c87, 
19:10:39.553 > 3c83, 3c7f, 3c7b, 3c77, 3c73, 3c6f, 3c6b, 3c67, 3c62, 3c5e, 3c5a, 3c56, 3c52, 3c4d, 3c49, 3c45,
19:10:39.560 > 3c41, 3c3d, 3c38, 3c34, 3c30, 3c2c, 3c27, 3c23, 3c1f, 3c1a, 3c16, 3c12, 3c0d, 3c09, 3c05, 3c00, 
19:10:39.569 > 3bfc, 3bf8, 3bf3, 3bef, 3bea, 3be6, 3be1, 3bdd, 3bd9, 3bd4, 3bd0, 3bcb, 3bc7, 3bc2, 3bbe, 3bb9, 
19:10:39.576 > 3bb5, 3bb0, 3bac, 3ba7, 3ba3, 3b9e, 3b99, 3b95, 3b90, 3b8c, 3b87, 3b82, 3b7e, 3b79, 3b75, 3b70, 
19:10:39.592 > 3b6b, 3b67, 3b62, 3b5d, 3b58, 3b54, 3b4f, 3b4a, 3b46, 3b41, 3b3c, 3b37, 3b33, 3b2e, 3b29, 3b24,
19:10:39.598 > 3b1f, 3b1b, 3b16, 3b11, 3b0c, 3b07, 3b02, 3afe, 3af9, 3af4, 3aef, 3aea, 3ae5, 3ae0, 3adb, 3ad6, 
19:10:39.608 > 3ad1, 3acc, 3ac7, 3ac2, 3abd, 3ab8, 3ab3, 3aae, 3aa9, 3aa4, 3a9f, 3a9a, 3a95, 3a90, 3a8b, 3a86,
19:10:39.608 > 3a81, 3a7c, 3a77, 3a72, 3a6d, 3a67, 3a62, 3a5d, 3a58, 3a53, 3a4e, 3a48, 3a43, 3a3e, 3a39, 3a34, 
19:10:39.624 > 3a2e, 3a29, 3a24, 3a1f, 3a19, 3a14, 3a0f, 3a0a, 3a04, 39ff, 39fa, 39f4, 39ef, 39ea, 39e4, 39df,
19:10:39.624 > 39da, 39d4, 39cf, 39c9, 39c4, 39bf, 39b9, 39b4, 39ae, 39a9, 39a3, 399e, 3998, 3993, 398d, 3988,
19:10:39.642 > 3982, 397d, 3977, 3972, 396c, 3967, 3961, 395c, 3956, 3951, 394b, 3945, 3940, 393a, 3934, 392f,
19:10:39.656 > 3929, 3924, 391e, 3918, 3913, 390d, 3907, 3901, 38fc, 38f6, 38f0, 38eb, 38e5, 38df, 38d9, 38d3,
19:10:39.664 > 38ce, 38c8, 38c2, 38bc, 38b6, 38b1, 38ab, 38a5, 389f, 3899, 3893, 388e, 3888, 3882, 387c, 3876,
19:10:39.664 > 3870, 386a, 3864, 385e, 3858, 3852, 384c, 3846, 3840, 383a, 3834, 382e, 3828, 3822, 381c, 3816, 
19:10:39.675 > 3810, 380a, 3804, 37fe, 37f8, 37f2, 37ec, 37e6, 37df, 37d9, 37d3, 37cd, 37c7, 37c1, 37bb, 37b4,
19:10:39.675 > 37ae, 37a8, 37a2, 379c, 3795, 378f, 3789, 3783, 377c, 3776, 3770, 3769, 3763, 375d, 3757, 3750, 
19:10:39.691 > 374a, 3744, 373d, 3737, 3731, 372a, 3724, 371d, 3717, 3711, 370a, 3704, 36fd, 36f7, 36f1, 36ea,
19:10:39.703 > 36e4, 36dd, 36d7, 36d0, 36ca, 36c3, 36bd, 36b6, 36b0, 36a9, 36a3, 369c, 3696, 368f, 3688, 3682,
19:10:39.708 > 367b, 3675, 366e, 3667, 3661, 365a, 3654, 364d, 3646, 3640, 3639, 3632, 362c, 3625, 361e, 3617, 
19:10:39.718 > 3611, 360a, 3603, 35fd, 35f6, 35ef, 35e8, 35e1, 35db, 35d4, 35cd, 35c6, 35bf, 35b9, 35b2, 35ab,
19:10:39.725 > 35a4, 359d, 3596, 3590, 3589, 3582, 357b, 3574, 356d, 3566, 355f, 3558, 3551, 354a, 3543, 353c, 
19:10:39.735 > 3535, 352e, 3527, 3520, 3519, 3512, 350b, 3504, 34fd, 34f6, 34ef, 34e8, 34e1, 34da, 34d3, 34cc,
19:10:39.735 > 34c5, 34be, 34b7, 34af, 34a8, 34a1, 349a, 3493, 348c, 3484, 347d, 3476, 346f, 3468, 3460, 3459, 
19:10:39.750 > 3452, 344b, 3444, 343c, 3435, 342e, 3426, 341f, 3418, 3411, 3409, 3402, 33fb, 33f3, 33ec, 33e5,
19:10:39.758 > 33dd, 33d6, 33ce, 33c7, 33c0, 33b8, 33b1, 33aa, 33a2, 339b, 3393, 338c, 3384, 337d, 3375, 336e,
19:10:39.758 > 3366, 335f, 3357, 3350, 3348, 3341, 3339, 3332, 332a, 3323, 331b, 3314, 330c, 3304, 32fd, 32f5, 
19:10:39.774 > 32ee, 32e6, 32de, 32d7, 32cf, 32c8, 32c0, 32b8, 32b1, 32a9, 32a1, 329a, 3292, 328a, 3282, 327b,
19:10:39.774 > 3273, 326b, 3264, 325c, 3254, 324c, 3244, 323d, 3235, 322d, 3225, 321d, 3216, 320e, 3206, 31fe, 
19:10:39.796 > 31f6, 31ee, 31e7, 31df, 31d7, 31cf, 31c7, 31bf, 31b7, 31af, 31a7, 319f, 3198, 3190, 3188, 3180,
19:10:39.797 > 3178, 3170, 3168, 3160, 3158, 3150, 3148, 3140, 3138, 3130, 3128, 3120, 3118, 310f, 3107, 30ff, 
19:10:39.806 > 30f7, 30ef, 30e7, 30df, 30d7, 30cf, 30c7, 30be, 30b6, 30ae, 30a6, 309e, 3096, 308d, 3085, 307d,
19:10:39.806 > 3075, 306d, 3064, 305c, 3054, 304c, 3043, 303b, 3033, 302b, 3022, 301a, 3012, 300a, 3001, 2ff9, 
19:10:39.825 > 2ff1, 2fe8, 2fe0, 2fd8, 2fcf, 2fc7, 2fbf, 2fb6, 2fae, 2fa5, 2f9d, 2f95, 2f8c, 2f84, 2f7b, 2f73,
19:10:39.835 > 2f6b, 2f62, 2f5a, 2f51, 2f49, 2f40, 2f38, 2f2f, 2f27, 2f1e, 2f16, 2f0d, 2f05, 2efc, 2ef4, 2eeb, 
19:10:39.842 > 2ee3, 2eda, 2ed1, 2ec9, 2ec0, 2eb8, 2eaf, 2ea7, 2e9e, 2e95, 2e8d, 2e84, 2e7b, 2e73, 2e6a, 2e62,
19:10:39.842 > 2e59, 2e50, 2e47, 2e3f, 2e36, 2e2d, 2e25, 2e1c, 2e13, 2e0b, 2e02, 2df9, 2df0, 2de8, 2ddf, 2dd6, 
19:10:39.854 > 2dcd, 2dc5, 2dbc, 2db3, 2daa, 2da1, 2d99, 2d90, 2d87, 2d7e, 2d75, 2d6c, 2d64, 2d5b, 2d52, 2d49, 
19:10:39.870 > 2d40, 2d37, 2d2e, 2d25, 2d1c, 2d14, 2d0b, 2d02, 2cf9, 2cf0, 2ce7, 2cde, 2cd5, 2ccc, 2cc3, 2cba,
19:10:39.875 > 2cb1, 2ca8, 2c9f, 2c96, 2c8d, 2c84, 2c7b, 2c72, 2c69, 2c60, 2c57, 2c4e, 2c45, 2c3c, 2c32, 2c29, 
19:10:39.886 > 2c20, 2c17, 2c0e, 2c05, 2bfc, 2bf3, 2bea, 2be0, 2bd7, 2bce, 2bc5, 2bbc, 2bb3, 2ba9, 2ba0, 2b97,
19:10:39.886 > 2b8e, 2b85, 2b7b, 2b72, 2b69, 2b60, 2b56, 2b4d, 2b44, 2b3b, 2b31, 2b28, 2b1f, 2b16, 2b0c, 2b03, 
19:10:39.901 > 2afa, 2af0, 2ae7, 2ade, 2ad4, 2acb, 2ac2, 2ab8, 2aaf, 2aa6, 2a9c, 2a93, 2a89, 2a80, 2a77, 2a6d,
19:10:39.901 > 2a64, 2a5a, 2a51, 2a48, 2a3e, 2a35, 2a2b, 2a22, 2a18, 2a0f, 2a05, 29fc, 29f2, 29e9, 29df, 29d6, 
19:10:39.918 > 29cc, 29c3, 29b9, 29b0, 29a6, 299d, 2993, 298a, 2980, 2977, 296d, 2963, 295a, 2950, 2947, 293d,
19:10:39.920 > 2933, 292a, 2920, 2917, 290d, 2903, 28fa, 28f0, 28e6, 28dd, 28d3, 28c9, 28c0, 28b6, 28ac, 28a2, 
19:10:39.933 > 2899, 288f, 2885, 287c, 2872, 2868, 285e, 2855, 284b, 2841, 2837, 282e, 2824, 281a, 2810, 2806,
19:10:39.933 > 27fd, 27f3, 27e9, 27df, 27d5, 27cb, 27c2, 27b8, 27ae, 27a4, 279a, 2790, 2786, 277d, 2773, 2769, 
19:10:39.949 > 275f, 2755, 274b, 2741, 2737, 272d, 2723, 2719, 270f, 2705, 26fb, 26f2, 26e8, 26de, 26d4, 26ca,
19:10:39.963 > 26c0, 26b6, 26ac, 26a2, 2698, 268e, 2683, 2679, 266f, 2665, 265b, 2651, 2647, 263d, 2633, 2629, 
19:10:39.976 > 261f, 2615, 260b, 2601, 25f6, 25ec, 25e2, 25d8, 25ce, 25c4, 25ba, 25af, 25a5, 259b, 2591, 2587, 
19:10:39.981 > 257d, 2572, 2568, 255e, 2554, 254a, 253f, 2535, 252b, 2521, 2517, 250c, 2502, 24f8, 24ee, 24e3,
19:10:39.981 > 24d9, 24cf, 24c4, 24ba, 24b0, 24a6, 249b, 2491, 2487, 247c, 2472, 2468, 245d, 2453, 2449, 243e, 
19:10:39.997 > 2434, 242a, 241f, 2415, 240a, 2400, 23f6, 23eb, 23e1, 23d6, 23cc, 23c2, 23b7, 23ad, 23a2, 2398,
19:10:39.997 > 238d, 2383, 2379, 236e, 2364, 2359, 234f, 2344, 233a, 232f, 2325, 231a, 2310, 2305, 22fb, 22f0, 
19:10:40.012 > 22e6, 22db, 22d0, 22c6, 22bb, 22b1, 22a6, 229c, 2291, 2287, 227c, 2271, 2267, 225c, 2252, 2247,
19:10:40.020 > 223c, 2232, 2227, 221c, 2212, 2207, 21fd, 21f2, 21e7, 21dd, 21d2, 21c7, 21bd, 21b2, 21a7, 219d, 
19:10:40.028 > 2192, 2187, 217c, 2172, 2167, 215c, 2152, 2147, 213c, 2131, 2127, 211c, 2111, 2106, 20fc, 20f1,
19:10:40.028 > 20e6, 20db, 20d0, 20c6, 20bb, 20b0, 20a5, 209a, 2090, 2085, 207a, 206f, 2064, 205a, 204f, 2044, 
19:10:40.046 > 2039, 202e, 2023, 2018, 200e, 2003, 1ff8, 1fed, 1fe2, 1fd7, 1fcc, 1fc1, 1fb6, 1fab, 1fa1, 1f96, 
19:10:40.059 > 1f8b, 1f80, 1f75, 1f6a, 1f5f, 1f54, 1f49, 1f3e, 1f33, 1f28, 1f1d, 1f12, 1f07, 1efc, 1ef1, 1ee6,
19:10:40.064 > 1edb, 1ed0, 1ec5, 1eba, 1eaf, 1ea4, 1e99, 1e8e, 1e83, 1e78, 1e6d, 1e62, 1e57, 1e4c, 1e41, 1e35, 
19:10:40.075 > 1e2a, 1e1f, 1e14, 1e09, 1dfe, 1df3, 1de8, 1ddd, 1dd2, 1dc6, 1dbb, 1db0, 1da5, 1d9a, 1d8f, 1d84,
19:10:40.080 > 1d79, 1d6d, 1d62, 1d57, 1d4c, 1d41, 1d36, 1d2a, 1d1f, 1d14, 1d09, 1cfe, 1cf2, 1ce7, 1cdc, 1cd1, 
19:10:40.114 > 1cc5, 1cba, 1caf, 1ca4, 1c99, 1c8d, 1c82, 1c77, 1c6c, 1c60, 1c55, 1c4a, 1c3e, 1c33, 1c28, 1c1d,
19:10:40.114 > 1c11, 1c06, 1bfb, 1bef, 1be4, 1bd9, 1bce, 1bc2, 1bb7, 1bac, 1ba0, 1b95, 1b8a, 1b7e, 1b73, 1b67,
19:10:40.114 > 1b5c, 1b51, 1b45, 1b3a, 1b2f, 1b23, 1b18, 1b0d, 1b01, 1af6, 1aea, 1adf, 1ad4, 1ac8, 1abd, 1ab1, 
19:10:40.122 > 1aa6, 1a9a, 1a8f, 1a84, 1a78, 1a6d, 1a61, 1a56, 1a4a, 1a3f, 1a33, 1a28, 1a1c, 1a11, 1a06, 19fa,
19:10:40.126 > 19ef, 19e3, 19d8, 19cc, 19c1, 19b5, 19aa, 199e, 1993, 1987, 197b, 1970, 1964, 1959, 194d, 1942,
19:10:40.136 > 1936, 192b, 191f, 1914, 1908, 18fc, 18f1, 18e5, 18da, 18ce, 18c3, 18b7, 18ab, 18a0, 1894, 1889, 
19:10:40.139 > 187d, 1871, 1866, 185a, 184f, 1843, 1837, 182c, 1820, 1814, 1809, 17fd, 17f1, 17e6, 17da, 17ce, 
19:10:40.153 > 17c3, 17b7, 17ab, 17a0, 1794, 1788, 177d, 1771, 1765, 175a, 174e, 1742, 1737, 172b, 171f, 1713,
19:10:40.156 > 1708, 16fc, 16f0, 16e4, 16d9, 16cd, 16c1, 16b6, 16aa, 169e, 1692, 1686, 167b, 166f, 1663, 1657, 
19:10:40.170 > 164c, 1640, 1634, 1628, 161d, 1611, 1605, 15f9, 15ed, 15e2, 15d6, 15ca, 15be, 15b2, 15a6, 159b,
19:10:40.170 > 158f, 1583, 1577, 156b, 155f, 1554, 1548, 153c, 1530, 1524, 1518, 150c, 1501, 14f5, 14e9, 14dd, 
19:10:40.186 > 14d1, 14c5, 14b9, 14ad, 14a2, 1496, 148a, 147e, 1472, 1466, 145a, 144e, 1442, 1436, 142a, 141e,
19:10:40.186 > 1413, 1407, 13fb, 13ef, 13e3, 13d7, 13cb, 13bf, 13b3, 13a7, 139b, 138f, 1383, 1377, 136b, 135f, 
19:10:40.202 > 1353, 1347, 133b, 132f, 1323, 1317, 130b, 12ff, 12f3, 12e7, 12db, 12cf, 12c3, 12b7, 12ab, 129f,
19:10:40.202 > 1293, 1287, 127b, 126f, 1263, 1257, 124b, 123f, 1233, 1227, 121b, 120f, 1203, 11f7, 11eb, 11df, 
19:10:40.218 > 11d2, 11c6, 11ba, 11ae, 11a2, 1196, 118a, 117e, 1172, 1166, 115a, 114e, 1141, 1135, 1129, 111d,
19:10:40.221 > 1111, 1105, 10f9, 10ed, 10e1, 10d4, 10c8, 10bc, 10b0, 10a4, 1098, 108c, 1080, 1073, 1067, 105b, 
19:10:40.234 > 104f, 1043, 1037, 102b, 101e, 1012, 1006, 0ffa, 0fee, 0fe2, 0fd5, 0fc9, 0fbd, 0fb1, 0fa5, 0f98,
19:10:40.234 > 0f8c, 0f80, 0f74, 0f68, 0f5b, 0f4f, 0f43, 0f37, 0f2b, 0f1e, 0f12, 0f06, 0efa, 0eee, 0ee1, 0ed5, 
19:10:40.249 > 0ec9, 0ebd, 0eb0, 0ea4, 0e98, 0e8c, 0e80, 0e73, 0e67, 0e5b, 0e4f, 0e42, 0e36, 0e2a, 0e1e, 0e11,
19:10:40.249 > 0e05, 0df9, 0ded, 0de0, 0dd4, 0dc8, 0dbb, 0daf, 0da3, 0d97, 0d8a, 0d7e, 0d72, 0d65, 0d59, 0d4d, 
19:10:40.265 > 0d41, 0d34, 0d28, 0d1c, 0d0f, 0d03, 0cf7, 0ceb, 0cde, 0cd2, 0cc6, 0cb9, 0cad, 0ca1, 0c94, 0c88, 
19:10:40.275 > 0c7c, 0c6f, 0c63, 0c57, 0c4a, 0c3e, 0c32, 0c25, 0c19, 0c0d, 0c00, 0bf4, 0be8, 0bdb, 0bcf, 0bc3,
19:10:40.275 > 0bb6, 0baa, 0b9e, 0b91, 0b85, 0b78, 0b6c, 0b60, 0b53, 0b47, 0b3b, 0b2e, 0b22, 0b16, 0b09, 0afd, 
19:10:40.297 > 0af0, 0ae4, 0ad8, 0acb, 0abf, 0ab2, 0aa6, 0a9a, 0a8d, 0a81, 0a74, 0a68, 0a5c, 0a4f, 0a43, 0a36,
19:10:40.303 > 0a2a, 0a1e, 0a11, 0a05, 09f8, 09ec, 09e0, 09d3, 09c7, 09ba, 09ae, 09a2, 0995, 0989, 097c, 0970, 
19:10:40.314 > 0963, 0957, 094b, 093e, 0932, 0925, 0919, 090c, 0900, 08f3, 08e7, 08db, 08ce, 08c2, 08b5, 08a9,
19:10:40.318 > 089c, 0890, 0883, 0877, 086b, 085e, 0852, 0845, 0839, 082c, 0820, 0813, 0807, 07fa, 07ee, 07e1, 
19:10:40.323 > 07d5, 07c8, 07bc, 07b0, 07a3, 0797, 078a, 077e, 0771, 0765, 0758, 074c, 073f, 0733, 0726, 071a,
19:10:40.323 > 070d, 0701, 06f4, 06e8, 06db, 06cf, 06c2, 06b6, 06a9, 069d, 0690, 0684, 0677, 066b, 065e, 0652, 
19:10:40.343 > 0645, 0639, 062c, 0620, 0613, 0607, 05fa, 05ee, 05e1, 05d5, 05c8, 05bc, 05af, 05a3, 0596, 058a,
19:10:40.343 > 057d, 0571, 0564, 0558, 054b, 053f, 0532, 0525, 0519, 050c, 0500, 04f3, 04e7, 04da, 04ce, 04c1, 
19:10:40.354 > 04b5, 04a8, 049c, 048f, 0483, 0476, 046a, 045d, 0450, 0444, 0437, 042b, 041e, 0412, 0405, 03f9,
19:10:40.354 > 03ec, 03e0, 03d3, 03c6, 03ba, 03ad, 03a1, 0394, 0388, 037b, 036f, 0362, 0356, 0349, 033c, 0330, 
19:10:40.381 > 0323, 0317, 030a, 02fe, 02f1, 02e5, 02d8, 02cc, 02bf, 02b2, 02a6, 0299, 028d, 0280, 0274, 0267, 
19:10:40.386 > 025b, 024e, 0241, 0235, 0228, 021c, 020f, 0203, 01f6, 01e9, 01dd, 01d0, 01c4, 01b7, 01ab, 019e,
19:10:40.386 > 0192, 0185, 0178, 016c, 015f, 0153, 0146, 013a, 012d, 0120, 0114, 0107, 00fb, 00ee, 00e2, 00d5, 
19:10:40.404 > 00c9, 00bc, 00af, 00a3, 0096, 008a, 007d, 0071, 0064, 0057, 004b, 003e, 0032, 0025, 0019, 000c,
19:10:40.410 > 0000, fff4, ffe7, ffdb, ffce, ffc2, ffb5, ffa9, ff9c, ff8f, ff83, ff76, ff6a, ff5d, ff51, ff44, 
19:10:40.425 > ff37, ff2b, ff1e, ff12, ff05, fef9, feec, fee0, fed3, fec6, feba, fead, fea1, fe94, fe88, fe7b,
19:10:40.425 > fe6e, fe62, fe55, fe49, fe3c, fe30, fe23, fe17, fe0a, fdfd, fdf1, fde4, fdd8, fdcb, fdbf, fdb2, 
19:10:40.434 > fda5, fd99, fd8c, fd80, fd73, fd67, fd5a, fd4e, fd41, fd34, fd28, fd1b, fd0f, fd02, fcf6, fce9,
19:10:40.443 > fcdd, fcd0, fcc4, fcb7, fcaa, fc9e, fc91, fc85, fc78, fc6c, fc5f, fc53, fc46, fc3a, fc2d, fc20, 
19:10:40.450 > fc14, fc07, fbfb, fbee, fbe2, fbd5, fbc9, fbbc, fbb0, fba3, fb96, fb8a, fb7d, fb71, fb64, fb58,
19:10:40.450 > fb4b, fb3f, fb32, fb26, fb19, fb0d, fb00, faf4, fae7, fadb, face, fac1, fab5, faa8, fa9c, fa8f, 
19:10:40.474 > fa83, fa76, fa6a, fa5d, fa51, fa44, fa38, fa2b, fa1f, fa12, fa06, f9f9, f9ed, f9e0, f9d4, f9c7,
19:10:40.480 > f9bb, f9ae, f9a2, f995, f989, f97c, f970, f963, f957, f94a, f93e, f931, f925, f918, f90c, f8ff, 
19:10:40.482 > f8f3, f8e6, f8da, f8cd, f8c1, f8b4, f8a8, f89b, f88f, f882, f876, f869, f85d, f850, f844, f838, 
19:10:40.498 > f82b, f81f, f812, f806, f7f9, f7ed, f7e0, f7d4, f7c7, f7bb, f7ae, f7a2, f795, f789, f77d, f770,
19:10:40.500 > f764, f757, f74b, f73e, f732, f725, f719, f70d, f700, f6f4, f6e7, f6db, f6ce, f6c2, f6b5, f6a9, 
19:10:40.514 > f69d, f690, f684, f677, f66b, f65e, f652, f646, f639, f62d, f620, f614, f608, f5fb, f5ef, f5e2,
19:10:40.521 > f5d6, f5ca, f5bd, f5b1, f5a4, f598, f58c, f57f, f573, f566, f55a, f54e, f541, f535, f528, f51c, 
19:10:40.530 > f510, f503, f4f7, f4ea, f4de, f4d2, f4c5, f4b9, f4ad, f4a0, f494, f488, f47b, f46f, f462, f456,
19:10:40.530 > f44a, f43d, f431, f425, f418, f40c, f400, f3f3, f3e7, f3db, f3ce, f3c2, f3b6, f3a9, f39d, f391, 
19:10:40.546 > f384, f378, f36c, f35f, f353, f347, f33a, f32e, f322, f315, f309, f2fd, f2f1, f2e4, f2d8, f2cc,
19:10:40.546 > f2bf, f2b3, f2a7, f29b, f28e, f282, f276, f269, f25d, f251, f245, f238, f22c, f220, f213, f207, 
19:10:40.562 > f1fb, f1ef, f1e2, f1d6, f1ca, f1be, f1b1, f1a5, f199, f18d, f180, f174, f168, f15c, f150, f143,
19:10:40.562 > f137, f12b, f11f, f112, f106, f0fa, f0ee, f0e2, f0d5, f0c9, f0bd, f0b1, f0a5, f098, f08c, f080, 
19:10:40.577 > f074, f068, f05b, f04f, f043, f037, f02b, f01e, f012, f006, effa, efee, efe2, efd5, efc9, efbd,
19:10:40.577 > efb1, efa5, ef99, ef8d, ef80, ef74, ef68, ef5c, ef50, ef44, ef38, ef2c, ef1f, ef13, ef07, eefb, 
19:10:40.593 > eeef, eee3, eed7, eecb, eebf, eeb2, eea6, ee9a, ee8e, ee82, ee76, ee6a, ee5e, ee52, ee46, ee3a, 
19:10:40.609 > ee2e, ee21, ee15, ee09, edfd, edf1, ede5, edd9, edcd, edc1, edb5, eda9, ed9d, ed91, ed85, ed79,
19:10:40.609 > ed6d, ed61, ed55, ed49, ed3d, ed31, ed25, ed19, ed0d, ed01, ecf5, ece9, ecdd, ecd1, ecc5, ecb9, 
19:10:40.625 > ecad, eca1, ec95, ec89, ec7d, ec71, ec65, ec59, ec4d, ec41, ec35, ec29, ec1d, ec11, ec05, ebf9, 
19:10:40.636 > ebed, ebe2, ebd6, ebca, ebbe, ebb2, eba6, eb9a, eb8e, eb82, eb76, eb6a, eb5e, eb53, eb47, eb3b,
19:10:40.636 > eb2f, eb23, eb17, eb0b, eaff, eaf4, eae8, eadc, ead0, eac4, eab8, eaac, eaa1, ea95, ea89, ea7d, 
19:10:40.652 > ea71, ea65, ea5a, ea4e, ea42, ea36, ea2a, ea1e, ea13, ea07, e9fb, e9ef, e9e3, e9d8, e9cc, e9c0,
19:10:40.662 > e9b4, e9a9, e99d, e991, e985, e97a, e96e, e962, e956, e94a, e93f, e933, e927, e91c, e910, e904, 
19:10:40.668 > e8f8, e8ed, e8e1, e8d5, e8c9, e8be, e8b2, e8a6, e89b, e88f, e883, e878, e86c, e860, e855, e849,
19:10:40.675 > e83d, e832, e826, e81a, e80f, e803, e7f7, e7ec, e7e0, e7d4, e7c9, e7bd, e7b1, e7a6, e79a, e78f, 
19:10:40.683 > e783, e777, e76c, e760, e755, e749, e73d, e732, e726, e71b, e70f, e704, e6f8, e6ec, e6e1, e6d5,
19:10:40.683 > e6ca, e6be, e6b3, e6a7, e69c, e690, e685, e679, e66d, e662, e656, e64b, e63f, e634, e628, e61d, 
19:10:40.700 > e611, e606, e5fa, e5ef, e5e4, e5d8, e5cd, e5c1, e5b6, e5aa, e59f, e593, e588, e57c, e571, e566,
19:10:40.700 > e55a, e54f, e543, e538, e52c, e521, e516, e50a, e4ff, e4f3, e4e8, e4dd, e4d1, e4c6, e4bb, e4af, 
19:10:40.716 > e4a4, e499, e48d, e482, e476, e46b, e460, e454, e449, e43e, e432, e427, e41c, e411, e405, e3fa, 
19:10:40.731 > e3ef, e3e3, e3d8, e3cd, e3c2, e3b6, e3ab, e3a0, e394, e389, e37e, e373, e367, e35c, e351, e346,
19:10:40.731 > e33b, e32f, e324, e319, e30e, e302, e2f7, e2ec, e2e1, e2d6, e2ca, e2bf, e2b4, e2a9, e29e, e293, 
19:10:40.742 > e287, e27c, e271, e266, e25b, e250, e245, e23a, e22e, e223, e218, e20d, e202, e1f7, e1ec, e1e1,
19:10:40.742 > e1d6, e1cb, e1bf, e1b4, e1a9, e19e, e193, e188, e17d, e172, e167, e15c, e151, e146, e13b, e130, 
19:10:40.760 > e125, e11a, e10f, e104, e0f9, e0ee, e0e3, e0d8, e0cd, e0c2, e0b7, e0ac, e0a1, e096, e08b, e080,
19:10:40.760 > e075, e06a, e05f, e055, e04a, e03f, e034, e029, e01e, e013, e008, dffd, dff2, dfe8, dfdd, dfd2, 
19:10:40.774 > dfc7, dfbc, dfb1, dfa6, df9c, df91, df86, df7b, df70, df66, df5b, df50, df45, df3a, df30, df25,
19:10:40.790 > df1a, df0f, df04, defa, deef, dee4, ded9, decf, dec4, deb9, deae, dea4, de99, de8e, de84, de79,
19:10:40.790 > de6e, de63, de59, de4e, de43, de39, de2e, de23, de19, de0e, de03, ddf9, ddee, dde4, ddd9, ddce, 
19:10:40.806 > ddc4, ddb9, ddae, dda4, dd99, dd8f, dd84, dd79, dd6f, dd64, dd5a, dd4f, dd45, dd3a, dd30, dd25,
19:10:40.806 > dd1a, dd10, dd05, dcfb, dcf0, dce6, dcdb, dcd1, dcc6, dcbc, dcb1, dca7, dc9c, dc92, dc87, dc7d, 
19:10:40.822 > dc73, dc68, dc5e, dc53, dc49, dc3e, dc34, dc2a, dc1f, dc15, dc0a, dc00, dbf6, dbeb, dbe1, dbd6,
19:10:40.822 > dbcc, dbc2, dbb7, dbad, dba3, db98, db8e, db84, db79, db6f, db65, db5a, db50, db46, db3c, db31, 
19:10:40.837 > db27, db1d, db12, db08, dafe, daf4, dae9, dadf, dad5, dacb, dac1, dab6, daac, daa2, da98, da8e,
19:10:40.846 > da83, da79, da6f, da65, da5b, da51, da46, da3c, da32, da28, da1e, da14, da0a, d9ff, d9f5, d9eb, 
19:10:40.853 > d9e1, d9d7, d9cd, d9c3, d9b9, d9af, d9a5, d99b, d991, d987, d97d, d972, d968, d95e, d954, d94a,
19:10:40.853 > d940, d936, d92c, d922, d918, d90e, d905, d8fb, d8f1, d8e7, d8dd, d8d3, d8c9, d8bf, d8b5, d8ab, 
19:10:40.869 > d8a1, d897, d88d, d883, d87a, d870, d866, d85c, d852, d848, d83e, d835, d82b, d821, d817, d80d,
19:10:40.869 > d803, d7fa, d7f0, d7e6, d7dc, d7d2, d7c9, d7bf, d7b5, d7ab, d7a2, d798, d78e, d784, d77b, d771, 
19:10:40.885 > d767, d75e, d754, d74a, d740, d737, d72d, d723, d71a, d710, d706, d6fd, d6f3, d6e9, d6e0, d6d6,
19:10:40.885 > d6cd, d6c3, d6b9, d6b0, d6a6, d69d, d693, d689, d680, d676, d66d, d663, d65a, d650, d647, d63d, 
19:10:40.909 > d634, d62a, d621, d617, d60e, d604, d5fb, d5f1, d5e8, d5de, d5d5, d5cb, d5c2, d5b8, d5af, d5a6,
19:10:40.909 > d59c, d593, d589, d580, d577, d56d, d564, d55a, d551, d548, d53e, d535, d52c, d522, d519, d510, 
19:10:40.925 > d506, d4fd, d4f4, d4ea, d4e1, d4d8, d4cf, d4c5, d4bc, d4b3, d4aa, d4a0, d497, d48e, d485, d47b,
19:10:40.925 > d472, d469, d460, d457, d44d, d444, d43b, d432, d429, d420, d416, d40d, d404, d3fb, d3f2, d3e9, 
19:10:40.941 > d3e0, d3d7, d3ce, d3c4, d3bb, d3b2, d3a9, d3a0, d397, d38e, d385, d37c, d373, d36a, d361, d358,
19:10:40.941 > d34f, d346, d33d, d334, d32b, d322, d319, d310, d307, d2fe, d2f5, d2ec, d2e4, d2db, d2d2, d2c9, 
19:10:40.958 > d2c0, d2b7, d2ae, d2a5, d29c, d294, d28b, d282, d279, d270, d267, d25f, d256, d24d, d244, d23b,
19:10:40.965 > d233, d22a, d221, d218, d210, d207, d1fe, d1f5, d1ed, d1e4, d1db, d1d3, d1ca, d1c1, d1b9, d1b0, 
19:10:40.973 > d1a7, d19e, d196, d18d, d185, d17c, d173, d16b, d162, d159, d151, d148, d140, d137, d12f, d126,
19:10:40.973 > d11d, d115, d10c, d104, d0fb, d0f3, d0ea, d0e2, d0d9, d0d1, d0c8, d0c0, d0b7, d0af, d0a6, d09e, 
19:10:40.989 > d095, d08d, d085, d07c, d074, d06b, d063, d05b, d052, d04a, d041, d039, d031, d028, d020, d018,
19:10:40.989 > d00f, d007, cfff, cff6, cfee, cfe6, cfde, cfd5, cfcd, cfc5, cfbd, cfb4, cfac, cfa4, cf9c, cf93, 
19:10:41.005 > cf8b, cf83, cf7b, cf73, cf6a, cf62, cf5a, cf52, cf4a, cf42, cf39, cf31, cf29, cf21, cf19, cf11,
19:10:41.005 > cf09, cf01, cef9, cef1, cee8, cee0, ced8, ced0, cec8, cec0, ceb8, ceb0, cea8, cea0, ce98, ce90, 
19:10:41.025 > ce88, ce80, ce78, ce70, ce68, ce61, ce59, ce51, ce49, ce41, ce39, ce31, ce29, ce21, ce19, ce12, 
19:10:41.037 > ce0a, ce02, cdfa, cdf2, cdea, cde3, cddb, cdd3, cdcb, cdc3, cdbc, cdb4, cdac, cda4, cd9c, cd95,
19:10:41.042 > cd8d, cd85, cd7e, cd76, cd6e, cd66, cd5f, cd57, cd4f, cd48, cd40, cd38, cd31, cd29, cd22, cd1a, 
19:10:41.053 > cd12, cd0b, cd03, ccfc, ccf4, ccec, cce5, ccdd, ccd6, ccce, ccc7, ccbf, ccb8, ccb0, cca9, cca1,
19:10:41.060 > cc9a, cc92, cc8b, cc83, cc7c, cc74, cc6d, cc65, cc5e, cc56, cc4f, cc48, cc40, cc39, cc32, cc2a, 
19:10:41.069 > cc23, cc1b, cc14, cc0d, cc05, cbfe, cbf7, cbef, cbe8, cbe1, cbda, cbd2, cbcb, cbc4, cbbc, cbb5,
19:10:41.075 > cbae, cba7, cba0, cb98, cb91, cb8a, cb83, cb7c, cb74, cb6d, cb66, cb5f, cb58, cb51, cb49, cb42, 
19:10:41.084 > cb3b, cb34, cb2d, cb26, cb1f, cb18, cb11, cb0a, cb03, cafc, caf5, caee, cae7, cae0, cad9, cad2,
19:10:41.084 > cacb, cac4, cabd, cab6, caaf, caa8, caa1, ca9a, ca93, ca8c, ca85, ca7e, ca77, ca70, ca6a, ca63, 
19:10:41.100 > ca5c, ca55, ca4e, ca47, ca41, ca3a, ca33, ca2c, ca25, ca1f, ca18, ca11, ca0a, ca03, c9fd, c9f6,
19:10:41.100 > c9ef, c9e9, c9e2, c9db, c9d4, c9ce, c9c7, c9c0, c9ba, c9b3, c9ac, c9a6, c99f, c999, c992, c98b, 
19:10:41.117 > c985, c97e, c978, c971, c96a, c964, c95d, c957, c950, c94a, c943, c93d, c936, c930, c929, c923,
19:10:41.130 > c91c, c916, c90f, c909, c903, c8fc, c8f6, c8ef, c8e9, c8e3, c8dc, c8d6, c8cf, c8c9, c8c3, c8bc, 
19:10:41.132 > c8b6, c8b0, c8a9, c8a3, c89d, c897, c890, c88a, c884, c87d, c877, c871, c86b, c864, c85e, c858, 
19:10:41.148 > c852, c84c, c845, c83f, c839, c833, c82d, c827, c821, c81a, c814, c80e, c808, c802, c7fc, c7f6,
19:10:41.148 > c7f0, c7ea, c7e4, c7de, c7d8, c7d2, c7cc, c7c6, c7c0, c7ba, c7b4, c7ae, c7a8, c7a2, c79c, c796, 
19:10:41.164 > c790, c78a, c784, c77e, c778, c772, c76d, c767, c761, c75b, c755, c74f, c74a, c744, c73e, c738,
19:10:41.168 > c732, c72d, c727, c721, c71b, c715, c710, c70a, c704, c6ff, c6f9, c6f3, c6ed, c6e8, c6e2, c6dc, 
19:10:41.180 > c6d7, c6d1, c6cc, c6c6, c6c0, c6bb, c6b5, c6af, c6aa, c6a4, c69f, c699, c694, c68e, c689, c683,
19:10:41.180 > c67e, c678, c673, c66d, c668, c662, c65d, c657, c652, c64c, c647, c641, c63c, c637, c631, c62c, 
19:10:41.196 > c626, c621, c61c, c616, c611, c60c, c606, c601, c5fc, c5f6, c5f1, c5ec, c5e7, c5e1, c5dc, c5d7,
19:10:41.196 > c5d2, c5cc, c5c7, c5c2, c5bd, c5b8, c5b2, c5ad, c5a8, c5a3, c59e, c599, c593, c58e, c589, c584, 
19:10:41.212 > c57f, c57a, c575, c570, c56b, c566, c561, c55c, c557, c552, c54d, c548, c543, c53e, c539, c534,
19:10:41.222 > c52f, c52a, c525, c520, c51b, c516, c511, c50c, c507, c502, c4fe, c4f9, c4f4, c4ef, c4ea, c4e5, 
19:10:41.228 > c4e1, c4dc, c4d7, c4d2, c4cd, c4c9, c4c4, c4bf, c4ba, c4b6, c4b1, c4ac, c4a8, c4a3, c49e, c499,
19:10:41.228 > c495, c490, c48b, c487, c482, c47e, c479, c474, c470, c46b, c467, c462, c45d, c459, c454, c450, 
19:10:41.243 > c44b, c447, c442, c43e, c439, c435, c430, c42c, c427, c423, c41f, c41a, c416, c411, c40d, c408,
19:10:41.243 > c404, c400, c3fb, c3f7, c3f3, c3ee, c3ea, c3e6, c3e1, c3dd, c3d9, c3d4, c3d0, c3cc, c3c8, c3c3, 
19:10:41.259 > c3bf, c3bb, c3b7, c3b3, c3ae, c3aa, c3a6, c3a2, c39e, c399, c395, c391, c38d, c389, c385, c381, 
19:10:41.275 > c37d, c379, c374, c370, c36c, c368, c364, c360, c35c, c358, c354, c350, c34c, c348, c344, c340,
19:10:41.280 > c33c, c338, c335, c331, c32d, c329, c325, c321, c31d, c319, c315, c312, c30e, c30a, c306, c302, 
19:10:41.287 > c2fe, c2fb, c2f7, c2f3, c2ef, c2ec, c2e8, c2e4, c2e0, c2dd, c2d9, c2d5, c2d2, c2ce, c2ca, c2c7,
19:10:41.294 > c2c3, c2bf, c2bc, c2b8, c2b4, c2b1, c2ad, c2aa, c2a6, c2a2, c29f, c29b, c298, c294, c291, c28d, 
19:10:41.309 > c28a, c286, c283, c27f, c27c, c278, c275, c271, c26e, c26b, c267, c264, c260, c25d, c25a, c256,
19:10:41.313 > c253, c250, c24c, c249, c246, c242, c23f, c23c, c238, c235, c232, c22f, c22b, c228, c225, c222, 
19:10:41.322 > c21f, c21b, c218, c215, c212, c20f, c20b, c208, c205, c202, c1ff, c1fc, c1f9, c1f6, c1f3, c1f0,
19:10:41.334 > c1ec, c1e9, c1e6, c1e3, c1e0, c1dd, c1da, c1d7, c1d4, c1d1, c1ce, c1cb, c1c9, c1c6, c1c3, c1c0,
19:10:41.334 > c1bd, c1ba, c1b7, c1b4, c1b1, c1ae, c1ac, c1a9, c1a6, c1a3, c1a0, c19d, c19b, c198, c195, c192, 
19:10:41.350 > c190, c18d, c18a, c187, c185, c182, c17f, c17d, c17a, c177, c175, c172, c16f, c16d, c16a, c167,
19:10:41.350 > c165, c162, c160, c15d, c15a, c158, c155, c153, c150, c14e, c14b, c149, c146, c144, c141, c13f, 
19:10:41.366 > c13c, c13a, c137, c135, c133, c130, c12e, c12b, c129, c127, c124, c122, c120, c11d, c11b, c119,
19:10:41.366 > c116, c114, c112, c10f, c10d, c10b, c109, c106, c104, c102, c100, c0fe, c0fb, c0f9, c0f7, c0f5, 
19:10:41.382 > c0f3, c0f1, c0ee, c0ec, c0ea, c0e8, c0e6, c0e4, c0e2, c0e0, c0de, c0dc, c0da, c0d8, c0d6, c0d4,
19:10:41.382 > c0d2, c0d0, c0ce, c0cc, c0ca, c0c8, c0c6, c0c4, c0c2, c0c0, c0be, c0bc, c0ba, c0b8, c0b7, c0b5, 
19:10:41.397 > c0b3, c0b1, c0af, c0ad, c0ac, c0aa, c0a8, c0a6, c0a4, c0a3, c0a1, c09f, c09d, c09c, c09a, c098,
19:10:41.397 > c097, c095, c093, c092, c090, c08e, c08d, c08b, c089, c088, c086, c085, c083, c081, c080, c07e, 
19:10:41.414 > c07d, c07b, c07a, c078, c077, c075, c074, c072, c071, c06f, c06e, c06c, c06b, c06a, c068, c067,
19:10:41.423 > c065, c064, c063, c061, c060, c05f, c05d, c05c, c05b, c059, c058, c057, c055, c054, c053, c052, 
19:10:41.429 > c050, c04f, c04e, c04d, c04c, c04a, c049, c048, c047, c046, c045, c043, c042, c041, c040, c03f, 
19:10:41.442 > c03e, c03d, c03c, c03b, c03a, c039, c038, c037, c036, c035, c034, c033, c032, c031, c030, c02f,
19:10:41.442 > c02e, c02d, c02c, c02b, c02a, c029, c029, c028, c027, c026, c025, c024, c023, c023, c022, c021, 
19:10:41.458 > c020, c020, c01f, c01e, c01d, c01d, c01c, c01b, c01a, c01a, c019, c018, c018, c017, c016, c016,
19:10:41.460 > c015, c015, c014, c013, c013, c012, c012, c011, c011, c010, c010, c00f, c00f, c00e, c00e, c00d, 
19:10:41.478 > c00d, c00c, c00c, c00b, c00b, c00a, c00a, c00a, c009, c009, c008, c008, c008, c007, c007, c007,
19:10:41.478 > c006, c006, c006, c006, c005, c005, c005, c005, c004, c004, c004, c004, c003, c003, c003, c003, 
19:10:41.497 > c003, c003, c002, c002, c002, c002, c002, c002, c002, c002, c002, c002, c002, c002, c002, c002,
19:10:41.497 > c001, c002, c002, c002, c002, c002, c002, c002, c002, c002, c002, c002, c002, c002, c002, c003, 
19:10:41.514 > c003, c003, c003, c003, c003, c004, c004, c004, c004, c005, c005, c005, c005, c006, c006, c006,
19:10:41.514 > c006, c007, c007, c007, c008, c008, c008, c009, c009, c00a, c00a, c00a, c00b, c00b, c00c, c00c, 
19:10:41.527 > c00d, c00d, c00e, c00e, c00f, c00f, c010, c010, c011, c011, c012, c012, c013, c013, c014, c015,
19:10:41.527 > c015, c016, c016, c017, c018, c018, c019, c01a, c01a, c01b, c01c, c01d, c01d, c01e, c01f, c020, 
19:10:41.543 > c020, c021, c022, c023, c023, c024, c025, c026, c027, c028, c029, c029, c02a, c02b, c02c, c02d, 
19:10:41.553 > c02e, c02f, c030, c031, c032, c033, c034, c035, c036, c037, c038, c039, c03a, c03b, c03c, c03d,
19:10:41.553 > c03e, c03f, c040, c041, c042, c043, c045, c046, c047, c048, c049, c04a, c04c, c04d, c04e, c04f, 
19:10:41.569 > c050, c052, c053, c054, c055, c057, c058, c059, c05b, c05c, c05d, c05f, c060, c061, c063, c064,
19:10:41.569 > c065, c067, c068, c06a, c06b, c06c, c06e, c06f, c071, c072, c074, c075, c077, c078, c07a, c07b, 
19:10:41.585 > c07d, c07e, c080, c081, c083, c085, c086, c088, c089, c08b, c08d, c08e, c090, c092, c093, c095,
19:10:41.585 > c097, c098, c09a, c09c, c09d, c09f, c0a1, c0a3, c0a4, c0a6, c0a8, c0aa, c0ac, c0ad, c0af, c0b1, 
19:10:41.601 > c0b3, c0b5, c0b7, c0b8, c0ba, c0bc, c0be, c0c0, c0c2, c0c4, c0c6, c0c8, c0ca, c0cc, c0ce, c0d0,
19:10:41.610 > c0d2, c0d4, c0d6, c0d8, c0da, c0dc, c0de, c0e0, c0e2, c0e4, c0e6, c0e8, c0ea, c0ec, c0ee, c0f1, 
19:10:41.623 > c0f3, c0f5, c0f7, c0f9, c0fb, c0fe, c100, c102, c104, c106, c109, c10b, c10d, c10f, c112, c114,
19:10:41.627 > c116, c119, c11b, c11d, c120, c122, c124, c127, c129, c12b, c12e, c130, c133, c135, c137, c13a, 
19:10:41.642 > c13c, c13f, c141, c144, c146, c149, c14b, c14e, c150, c153, c155, c158, c15a, c15d, c160, c162,
19:10:41.642 > c165, c167, c16a, c16d, c16f, c172, c175, c177, c17a, c17d, c17f, c182, c185, c187, c18a, c18d, 
19:10:41.657 > c190, c192, c195, c198, c19b, c19d, c1a0, c1a3, c1a6, c1a9, c1ac, c1ae, c1b1, c1b4, c1b7, c1ba,
19:10:41.657 > c1bd, c1c0, c1c3, c1c6, c1c9, c1cb, c1ce, c1d1, c1d4, c1d7, c1da, c1dd, c1e0, c1e3, c1e6, c1e9, 
19:10:41.674 > c1ec, c1f0, c1f3, c1f6, c1f9, c1fc, c1ff, c202, c205, c208, c20b, c20f, c212, c215, c218, c21b,
19:10:41.679 > c21f, c222, c225, c228, c22b, c22f, c232, c235, c238, c23c, c23f, c242, c246, c249, c24c, c250, 
19:10:41.691 > c253, c256, c25a, c25d, c260, c264, c267, c26b, c26e, c271, c275, c278, c27c, c27f, c283, c286,
19:10:41.697 > c28a, c28d, c291, c294, c298, c29b, c29f, c2a2, c2a6, c2aa, c2ad, c2b1, c2b4, c2b8, c2bc, c2bf, 
19:10:41.705 > c2c3, c2c7, c2ca, c2ce, c2d2, c2d5, c2d9, c2dd, c2e0, c2e4, c2e8, c2ec, c2ef, c2f3, c2f7, c2fb,
19:10:41.705 > c2fe, c302, c306, c30a, c30e, c312, c315, c319, c31d, c321, c325, c329, c32d, c331, c335, c338, 
19:10:41.723 > c33c, c340, c344, c348, c34c, c350, c354, c358, c35c, c360, c364, c368, c36c, c370, c374, c379,
19:10:41.723 > c37d, c381, c385, c389, c38d, c391, c395, c399, c39e, c3a2, c3a6, c3aa, c3ae, c3b3, c3b7, c3bb, 
19:10:41.737 > c3bf, c3c3, c3c8, c3cc, c3d0, c3d4, c3d9, c3dd, c3e1, c3e6, c3ea, c3ee, c3f3, c3f7, c3fb, c400, 
19:10:41.753 > c404, c408, c40d, c411, c416, c41a, c41f, c423, c427, c42c, c430, c435, c439, c43e, c442, c447,
19:10:41.753 > c44b, c450, c454, c459, c45d, c462, c467, c46b, c470, c474, c479, c47e, c482, c487, c48b, c490, 
19:10:41.768 > c495, c499, c49e, c4a3, c4a8, c4ac, c4b1, c4b6, c4ba, c4bf, c4c4, c4c9, c4cd, c4d2, c4d7, c4dc,
19:10:41.768 > c4e1, c4e5, c4ea, c4ef, c4f4, c4f9, c4fe, c502, c507, c50c, c511, c516, c51b, c520, c525, c52a, 
19:10:41.784 > c52f, c534, c539, c53e, c543, c548, c54d, c552, c557, c55c, c561, c566, c56b, c570, c575, c57a,
19:10:41.784 > c57f, c584, c589, c58e, c593, c599, c59e, c5a3, c5a8, c5ad, c5b2, c5b8, c5bd, c5c2, c5c7, c5cc, 
19:10:41.801 > c5d2, c5d7, c5dc, c5e1, c5e7, c5ec, c5f1, c5f6, c5fc, c601, c606, c60c, c611, c616, c61c, c621,
19:10:41.801 > c626, c62c, c631, c637, c63c, c641, c647, c64c, c652, c657, c65d, c662, c668, c66d, c673, c678, 
19:10:41.819 > c67e, c683, c689, c68e, c694, c699, c69f, c6a4, c6aa, c6af, c6b5, c6bb, c6c0, c6c6, c6cc, c6d1,
19:10:41.824 > c6d7, c6dc, c6e2, c6e8, c6ed, c6f3, c6f9, c6ff, c704, c70a, c710, c715, c71b, c721, c727, c72d, 
19:10:41.832 > c732, c738, c73e, c744, c74a, c74f, c755, c75b, c761, c767, c76d, c772, c778, c77e, c784, c78a,
19:10:41.832 > c790, c796, c79c, c7a2, c7a8, c7ae, c7b4, c7ba, c7c0, c7c6, c7cc, c7d2, c7d8, c7de, c7e4, c7ea, 
19:10:41.852 > c7f0, c7f6, c7fc, c802, c808, c80e, c814, c81a, c821, c827, c82d, c833, c839, c83f, c845, c84c,
19:10:41.852 > c852, c858, c85e, c864, c86b, c871, c877, c87d, c884, c88a, c890, c897, c89d, c8a3, c8a9, c8b0, 
19:10:41.864 > c8b6, c8bc, c8c3, c8c9, c8cf, c8d6, c8dc, c8e3, c8e9, c8ef, c8f6, c8fc, c903, c909, c90f, c916,
19:10:41.879 > c91c, c923, c929, c930, c936, c93d, c943, c94a, c950, c957, c95d, c964, c96a, c971, c978, c97e,
19:10:41.885 > c985, c98b, c992, c999, c99f, c9a6, c9ac, c9b3, c9ba, c9c0, c9c7, c9ce, c9d4, c9db, c9e2, c9e9, 
19:10:41.895 > c9ef, c9f6, c9fd, ca03, ca0a, ca11, ca18, ca1f, ca25, ca2c, ca33, ca3a, ca41, ca47, ca4e, ca55,
19:10:41.895 > ca5c, ca63, ca6a, ca70, ca77, ca7e, ca85, ca8c, ca93, ca9a, caa1, caa8, caaf, cab6, cabd, cac4, 
19:10:41.911 > cacb, cad2, cad9, cae0, cae7, caee, caf5, cafc, cb03, cb0a, cb11, cb18, cb1f, cb26, cb2d, cb34,
19:10:41.911 > cb3b, cb42, cb49, cb51, cb58, cb5f, cb66, cb6d, cb74, cb7c, cb83, cb8a, cb91, cb98, cba0, cba7, 
19:10:41.927 > cbae, cbb5, cbbc, cbc4, cbcb, cbd2, cbda, cbe1, cbe8, cbef, cbf7, cbfe, cc05, cc0d, cc14, cc1b,
19:10:41.927 > cc23, cc2a, cc32, cc39, cc40, cc48, cc4f, cc56, cc5e, cc65, cc6d, cc74, cc7c, cc83, cc8b, cc92, 
19:10:41.943 > cc9a, cca1, cca9, ccb0, ccb8, ccbf, ccc7, ccce, ccd6, ccdd, cce5, ccec, ccf4, ccfc, cd03, cd0b,
19:10:41.943 > cd12, cd1a, cd22, cd29, cd31, cd38, cd40, cd48, cd4f, cd57, cd5f, cd66, cd6e, cd76, cd7e, cd85, 
19:10:41.959 > cd8d, cd95, cd9c, cda4, cdac, cdb4, cdbc, cdc3, cdcb, cdd3, cddb, cde3, cdea, cdf2, cdfa, ce02,
19:10:41.959 > ce0a, ce12, ce19, ce21, ce29, ce31, ce39, ce41, ce49, ce51, ce59, ce61, ce68, ce70, ce78, ce80, 
19:10:41.978 > ce88, ce90, ce98, cea0, cea8, ceb0, ceb8, cec0, cec8, ced0, ced8, cee0, cee8, cef1, cef9, cf01,
19:10:41.984 > cf09, cf11, cf19, cf21, cf29, cf31, cf39, cf42, cf4a, cf52, cf5a, cf62, cf6a, cf73, cf7b, cf83, 
19:10:41.991 > cf8b, cf93, cf9c, cfa4, cfac, cfb4, cfbd, cfc5, cfcd, cfd5, cfde, cfe6, cfee, cff6, cfff, d007,
19:10:41.991 > d00f, d018, d020, d028, d031, d039, d041, d04a, d052, d05b, d063, d06b, d074, d07c, d085, d08d, 
19:10:42.006 > d095, d09e, d0a6, d0af, d0b7, d0c0, d0c8, d0d1, d0d9, d0e2, d0ea, d0f3, d0fb, d104, d10c, d115, 
19:10:42.024 > d11d, d126, d12f, d137, d140, d148, d151, d159, d162, d16b, d173, d17c, d185, d18d, d196, d19e,
19:10:42.024 > d1a7, d1b0, d1b9, d1c1, d1ca, d1d3, d1db, d1e4, d1ed, d1f5, d1fe, d207, d210, d218, d221, d22a, 
19:10:42.038 > d233, d23b, d244, d24d, d256, d25f, d267, d270, d279, d282, d28b, d294, d29c, d2a5, d2ae, d2b7,
19:10:42.038 > d2c0, d2c9, d2d2, d2db, d2e4, d2ec, d2f5, d2fe, d307, d310, d319, d322, d32b, d334, d33d, d346, 
19:10:42.054 > d34f, d358, d361, d36a, d373, d37c, d385, d38e, d397, d3a0, d3a9, d3b2, d3bb, d3c4, d3ce, d3d7,
19:10:42.054 > d3e0, d3e9, d3f2, d3fb, d404, d40d, d416, d420, d429, d432, d43b, d444, d44d, d457, d460, d469, 
19:10:42.070 > d472, d47b, d485, d48e, d497, d4a0, d4aa, d4b3, d4bc, d4c5, d4cf, d4d8, d4e1, d4ea, d4f4, d4fd,
19:10:42.070 > d506, d510, d519, d522, d52c, d535, d53e, d548, d551, d55a, d564, d56d, d577, d580, d589, d593, 
19:10:42.091 > d59c, d5a6, d5af, d5b8, d5c2, d5cb, d5d5, d5de, d5e8, d5f1, d5fb, d604, d60e, d617, d621, d62a,
19:10:42.091 > d634, d63d, d647, d650, d65a, d663, d66d, d676, d680, d689, d693, d69d, d6a6, d6b0, d6b9, d6c3, 
19:10:42.102 > d6cd, d6d6, d6e0, d6e9, d6f3, d6fd, d706, d710, d71a, d723, d72d, d737, d740, d74a, d754, d75e,
19:10:42.112 > d767, d771, d77b, d784, d78e, d798, d7a2, d7ab, d7b5, d7bf, d7c9, d7d2, d7dc, d7e6, d7f0, d7fa, 
19:10:42.124 > d803, d80d, d817, d821, d82b, d835, d83e, d848, d852, d85c, d866, d870, d87a, d883, d88d, d897,
19:10:42.129 > d8a1, d8ab, d8b5, d8bf, d8c9, d8d3, d8dd, d8e7, d8f1, d8fb, d905, d90e, d918, d922, d92c, d936, 
19:10:42.134 > d940, d94a, d954, d95e, d968, d972, d97d, d987, d991, d99b, d9a5, d9af, d9b9, d9c3, d9cd, d9d7,
19:10:42.150 > d9e1, d9eb, d9f5, d9ff, da0a, da14, da1e, da28, da32, da3c, da46, da51, da5b, da65, da6f, da79,
19:10:42.150 > da83, da8e, da98, daa2, daac, dab6, dac1, dacb, dad5, dadf, dae9, daf4, dafe, db08, db12, db1d, 
19:10:42.166 > db27, db31, db3c, db46, db50, db5a, db65, db6f, db79, db84, db8e, db98, dba3, dbad, dbb7, dbc2,
19:10:42.166 > dbcc, dbd6, dbe1, dbeb, dbf6, dc00, dc0a, dc15, dc1f, dc2a, dc34, dc3e, dc49, dc53, dc5e, dc68, 
19:10:42.182 > dc73, dc7d, dc87, dc92, dc9c, dca7, dcb1, dcbc, dcc6, dcd1, dcdb, dce6, dcf0, dcfb, dd05, dd10,
19:10:42.182 > dd1a, dd25, dd30, dd3a, dd45, dd4f, dd5a, dd64, dd6f, dd79, dd84, dd8f, dd99, dda4, ddae, ddb9, 
19:10:42.204 > ddc4, ddce, ddd9, dde4, ddee, ddf9, de03, de0e, de19, de23, de2e, de39, de43, de4e, de59, de63, 
19:10:42.208 > de6e, de79, de84, de8e, de99, dea4, deae, deb9, dec4, decf, ded9, dee4, deef, defa, df04, df0f,
19:10:42.219 > df1a, df25, df30, df3a, df45, df50, df5b, df66, df70, df7b, df86, df91, df9c, dfa6, dfb1, dfbc, 
19:10:42.224 > dfc7, dfd2, dfdd, dfe8, dff2, dffd, e008, e013, e01e, e029, e034, e03f, e04a, e055, e05f, e06a,
19:10:42.224 > e075, e080, e08b, e096, e0a1, e0ac, e0b7, e0c2, e0cd, e0d8, e0e3, e0ee, e0f9, e104, e10f, e11a, 
19:10:42.240 > e125, e130, e13b, e146, e151, e15c, e167, e172, e17d, e188, e193, e19e, e1a9, e1b4, e1bf, e1cb,
19:10:42.240 > e1d6, e1e1, e1ec, e1f7, e202, e20d, e218, e223, e22e, e23a, e245, e250, e25b, e266, e271, e27c, 
19:10:42.256 > e287, e293, e29e, e2a9, e2b4, e2bf, e2ca, e2d6, e2e1, e2ec, e2f7, e302, e30e, e319, e324, e32f,
19:10:42.262 > e33b, e346, e351, e35c, e367, e373, e37e, e389, e394, e3a0, e3ab, e3b6, e3c2, e3cd, e3d8, e3e3, 
19:10:42.272 > e3ef, e3fa, e405, e411, e41c, e427, e432, e43e, e449, e454, e460, e46b, e476, e482, e48d, e499,
19:10:42.278 > e4a4, e4af, e4bb, e4c6, e4d1, e4dd, e4e8, e4f3, e4ff, e50a, e516, e521, e52c, e538, e543, e54f, 
19:10:42.297 > e55a, e566, e571, e57c, e588, e593, e59f, e5aa, e5b6, e5c1, e5cd, e5d8, e5e4, e5ef, e5fa, e606,
19:10:42.302 > e611, e61d, e628, e634, e63f, e64b, e656, e662, e66d, e679, e685, e690, e69c, e6a7, e6b3, e6be, 
19:10:42.311 > e6ca, e6d5, e6e1, e6ec, e6f8, e704, e70f, e71b, e726, e732, e73d, e749, e755, e760, e76c, e777, 
19:10:42.319 > e783, e78f, e79a, e7a6, e7b1, e7bd, e7c9, e7d4, e7e0, e7ec, e7f7, e803, e80f, e81a, e826, e832,
19:10:42.325 > e83d, e849, e855, e860, e86c, e878, e883, e88f, e89b, e8a6, e8b2, e8be, e8c9, e8d5, e8e1, e8ed, 
19:10:42.335 > e8f8, e904, e910, e91c, e927, e933, e93f, e94a, e956, e962, e96e, e97a, e985, e991, e99d, e9a9,
19:10:42.344 > e9b4, e9c0, e9cc, e9d8, e9e3, e9ef, e9fb, ea07, ea13, ea1e, ea2a, ea36, ea42, ea4e, ea5a, ea65, 
19:10:42.351 > ea71, ea7d, ea89, ea95, eaa1, eaac, eab8, eac4, ead0, eadc, eae8, eaf4, eaff, eb0b, eb17, eb23,
19:10:42.358 > eb2f, eb3b, eb47, eb53, eb5e, eb6a, eb76, eb82, eb8e, eb9a, eba6, ebb2, ebbe, ebca, ebd6, ebe2, 
19:10:42.367 > ebed, ebf9, ec05, ec11, ec1d, ec29, ec35, ec41, ec4d, ec59, ec65, ec71, ec7d, ec89, ec95, eca1,
19:10:42.367 > ecad, ecb9, ecc5, ecd1, ecdd, ece9, ecf5, ed01, ed0d, ed19, ed25, ed31, ed3d, ed49, ed55, ed61, 
19:10:42.383 > ed6d, ed79, ed85, ed91, ed9d, eda9, edb5, edc1, edcd, edd9, ede5, edf1, edfd, ee09, ee15, ee21,
19:10:42.383 > ee2e, ee3a, ee46, ee52, ee5e, ee6a, ee76, ee82, ee8e, ee9a, eea6, eeb2, eebf, eecb, eed7, eee3, 
19:10:42.402 > eeef, eefb, ef07, ef13, ef1f, ef2c, ef38, ef44, ef50, ef5c, ef68, ef74, ef80, ef8d, ef99, efa5,
19:10:42.408 > efb1, efbd, efc9, efd5, efe2, efee, effa, f006, f012, f01e, f02b, f037, f043, f04f, f05b, f068, 
19:10:42.425 > f074, f080, f08c, f098, f0a5, f0b1, f0bd, f0c9, f0d5, f0e2, f0ee, f0fa, f106, f112, f11f, f12b, 
19:10:42.431 > f137, f143, f150, f15c, f168, f174, f180, f18d, f199, f1a5, f1b1, f1be, f1ca, f1d6, f1e2, f1ef,
19:10:42.431 > f1fb, f207, f213, f220, f22c, f238, f245, f251, f25d, f269, f276, f282, f28e, f29b, f2a7, f2b3, 
19:10:42.447 > f2bf, f2cc, f2d8, f2e4, f2f1, f2fd, f309, f315, f322, f32e, f33a, f347, f353, f35f, f36c, f378,
19:10:42.447 > f384, f391, f39d, f3a9, f3b6, f3c2, f3ce, f3db, f3e7, f3f3, f400, f40c, f418, f425, f431, f43d, 
19:10:42.462 > f44a, f456, f462, f46f, f47b, f488, f494, f4a0, f4ad, f4b9, f4c5, f4d2, f4de, f4ea, f4f7, f503,
19:10:42.462 > f510, f51c, f528, f535, f541, f54e, f55a, f566, f573, f57f, f58c, f598, f5a4, f5b1, f5bd, f5ca, 
19:10:42.478 > f5d6, f5e2, f5ef, f5fb, f608, f614, f620, f62d, f639, f646, f652, f65e, f66b, f677, f684, f690,
19:10:42.478 > f69d, f6a9, f6b5, f6c2, f6ce, f6db, f6e7, f6f4, f700, f70d, f719, f725, f732, f73e, f74b, f757, 
19:10:42.494 > f764, f770, f77d, f789, f795, f7a2, f7ae, f7bb, f7c7, f7d4, f7e0, f7ed, f7f9, f806, f812, f81f,
19:10:42.494 > f82b, f838, f844, f850, f85d, f869, f876, f882, f88f, f89b, f8a8, f8b4, f8c1, f8cd, f8da, f8e6, 
19:10:42.510 > f8f3, f8ff, f90c, f918, f925, f931, f93e, f94a, f957, f963, f970, f97c, f989, f995, f9a2, f9ae, 
19:10:42.525 > f9bb, f9c7, f9d4, f9e0, f9ed, f9f9, fa06, fa12, fa1f, fa2b, fa38, fa44, fa51, fa5d, fa6a, fa76,
19:10:42.525 > fa83, fa8f, fa9c, faa8, fab5, fac1, face, fadb, fae7, faf4, fb00, fb0d, fb19, fb26, fb32, fb3f, 
19:10:42.541 > fb4b, fb58, fb64, fb71, fb7d, fb8a, fb96, fba3, fbb0, fbbc, fbc9, fbd5, fbe2, fbee, fbfb, fc07,
19:10:42.541 > fc14, fc20, fc2d, fc3a, fc46, fc53, fc5f, fc6c, fc78, fc85, fc91, fc9e, fcaa, fcb7, fcc4, fcd0, 
19:10:42.556 > fcdd, fce9, fcf6, fd02, fd0f, fd1b, fd28, fd34, fd41, fd4e, fd5a, fd67, fd73, fd80, fd8c, fd99,
19:10:42.556 > fda5, fdb2, fdbf, fdcb, fdd8, fde4, fdf1, fdfd, fe0a, fe17, fe23, fe30, fe3c, fe49, fe55, fe62, 
19:10:42.572 > fe6e, fe7b, fe88, fe94, fea1, fead, feba, fec6, fed3, fee0, feec, fef9, ff05, ff12, ff1e, ff2b,
19:10:42.572 > ff37, ff44, ff51, ff5d, ff6a, ff76, ff83, ff8f, ff9c, ffa9, ffb5, ffc2, ffce, ffdb, ffe7, fff4, 
19:10:42.588 > Sine table generated.
19:10:42.691 > Init TLV320 DAC
19:10:42.691 > [  4490][I][esp32-hal-i2c-ng.c:112] i2cInit(): Initializing I2C Master: num=0 sda=8 scl=9 freq=100000
19:10:42.728 > filter coeffs: N0:0x7d51, N1:0x8589, N2:0x7d51, D1:0x7a77, D2:0x855d
19:10:42.775 > TLV320 DAC config done!
19:10:42.775 > I2S bus initialization done!
19:10:42.775 > frequency=1200Hz
19:10:43.025 > frequency=1205Hz
19:10:43.277 > frequency=1210Hz
19:10:43.526 > frequency=1215Hz
19:10:43.777 > frequency=1220Hz
19:10:44.027 > frequency=1225Hz
19:10:44.277 > frequency=1230Hz
19:10:44.526 > frequency=1235Hz
19:10:44.774 > frequency=1240Hz
19:10:45.028 > frequency=1245Hz
19:10:45.271 > frequency=1250Hz
19:10:45.527 > frequency=1255Hz